Archive member included to satisfy reference by file (symbol)

C:/ST/STM32CubeIDE_1.14.1/STM32CubeIDE/plugins/com.st.stm32cube.ide.mcu.externaltools.gnu-tools-for-stm32.11.3.rel1.win32_1.1.100.202309141235/tools/bin/../lib/gcc/arm-none-eabi/11.3.1/../../../../arm-none-eabi/lib/thumb/v7e-m+fp/hard\libc_nano.a(libc_a-atoi.o)
                              ./Core/Src/main.o (atoi)
C:/ST/STM32CubeIDE_1.14.1/STM32CubeIDE/plugins/com.st.stm32cube.ide.mcu.externaltools.gnu-tools-for-stm32.11.3.rel1.win32_1.1.100.202309141235/tools/bin/../lib/gcc/arm-none-eabi/11.3.1/../../../../arm-none-eabi/lib/thumb/v7e-m+fp/hard\libc_nano.a(libc_a-exit.o)
                              C:/ST/STM32CubeIDE_1.14.1/STM32CubeIDE/plugins/com.st.stm32cube.ide.mcu.externaltools.gnu-tools-for-stm32.11.3.rel1.win32_1.1.100.202309141235/tools/bin/../lib/gcc/arm-none-eabi/11.3.1/../../../../arm-none-eabi/lib/thumb/v7e-m+fp/hard/crt0.o (exit)
C:/ST/STM32CubeIDE_1.14.1/STM32CubeIDE/plugins/com.st.stm32cube.ide.mcu.externaltools.gnu-tools-for-stm32.11.3.rel1.win32_1.1.100.202309141235/tools/bin/../lib/gcc/arm-none-eabi/11.3.1/../../../../arm-none-eabi/lib/thumb/v7e-m+fp/hard\libc_nano.a(libc_a-strtol.o)
                              C:/ST/STM32CubeIDE_1.14.1/STM32CubeIDE/plugins/com.st.stm32cube.ide.mcu.externaltools.gnu-tools-for-stm32.11.3.rel1.win32_1.1.100.202309141235/tools/bin/../lib/gcc/arm-none-eabi/11.3.1/../../../../arm-none-eabi/lib/thumb/v7e-m+fp/hard\libc_nano.a(libc_a-atoi.o) (_strtol_r)
C:/ST/STM32CubeIDE_1.14.1/STM32CubeIDE/plugins/com.st.stm32cube.ide.mcu.externaltools.gnu-tools-for-stm32.11.3.rel1.win32_1.1.100.202309141235/tools/bin/../lib/gcc/arm-none-eabi/11.3.1/../../../../arm-none-eabi/lib/thumb/v7e-m+fp/hard\libc_nano.a(libc_a-ctype_.o)
                              C:/ST/STM32CubeIDE_1.14.1/STM32CubeIDE/plugins/com.st.stm32cube.ide.mcu.externaltools.gnu-tools-for-stm32.11.3.rel1.win32_1.1.100.202309141235/tools/bin/../lib/gcc/arm-none-eabi/11.3.1/../../../../arm-none-eabi/lib/thumb/v7e-m+fp/hard\libc_nano.a(libc_a-strtol.o) (_ctype_)
C:/ST/STM32CubeIDE_1.14.1/STM32CubeIDE/plugins/com.st.stm32cube.ide.mcu.externaltools.gnu-tools-for-stm32.11.3.rel1.win32_1.1.100.202309141235/tools/bin/../lib/gcc/arm-none-eabi/11.3.1/../../../../arm-none-eabi/lib/thumb/v7e-m+fp/hard\libc_nano.a(libc_a-findfp.o)
                              C:/ST/STM32CubeIDE_1.14.1/STM32CubeIDE/plugins/com.st.stm32cube.ide.mcu.externaltools.gnu-tools-for-stm32.11.3.rel1.win32_1.1.100.202309141235/tools/bin/../lib/gcc/arm-none-eabi/11.3.1/../../../../arm-none-eabi/lib/thumb/v7e-m+fp/hard\libc_nano.a(libc_a-exit.o) (__stdio_exit_handler)
C:/ST/STM32CubeIDE_1.14.1/STM32CubeIDE/plugins/com.st.stm32cube.ide.mcu.externaltools.gnu-tools-for-stm32.11.3.rel1.win32_1.1.100.202309141235/tools/bin/../lib/gcc/arm-none-eabi/11.3.1/../../../../arm-none-eabi/lib/thumb/v7e-m+fp/hard\libc_nano.a(libc_a-fwalk.o)
                              C:/ST/STM32CubeIDE_1.14.1/STM32CubeIDE/plugins/com.st.stm32cube.ide.mcu.externaltools.gnu-tools-for-stm32.11.3.rel1.win32_1.1.100.202309141235/tools/bin/../lib/gcc/arm-none-eabi/11.3.1/../../../../arm-none-eabi/lib/thumb/v7e-m+fp/hard\libc_nano.a(libc_a-findfp.o) (_fwalk_sglue)
C:/ST/STM32CubeIDE_1.14.1/STM32CubeIDE/plugins/com.st.stm32cube.ide.mcu.externaltools.gnu-tools-for-stm32.11.3.rel1.win32_1.1.100.202309141235/tools/bin/../lib/gcc/arm-none-eabi/11.3.1/../../../../arm-none-eabi/lib/thumb/v7e-m+fp/hard\libc_nano.a(libc_a-snprintf.o)
                              ./Core/Src/main.o (snprintf)
C:/ST/STM32CubeIDE_1.14.1/STM32CubeIDE/plugins/com.st.stm32cube.ide.mcu.externaltools.gnu-tools-for-stm32.11.3.rel1.win32_1.1.100.202309141235/tools/bin/../lib/gcc/arm-none-eabi/11.3.1/../../../../arm-none-eabi/lib/thumb/v7e-m+fp/hard\libc_nano.a(libc_a-stdio.o)
                              C:/ST/STM32CubeIDE_1.14.1/STM32CubeIDE/plugins/com.st.stm32cube.ide.mcu.externaltools.gnu-tools-for-stm32.11.3.rel1.win32_1.1.100.202309141235/tools/bin/../lib/gcc/arm-none-eabi/11.3.1/../../../../arm-none-eabi/lib/thumb/v7e-m+fp/hard\libc_nano.a(libc_a-findfp.o) (__sread)
C:/ST/STM32CubeIDE_1.14.1/STM32CubeIDE/plugins/com.st.stm32cube.ide.mcu.externaltools.gnu-tools-for-stm32.11.3.rel1.win32_1.1.100.202309141235/tools/bin/../lib/gcc/arm-none-eabi/11.3.1/../../../../arm-none-eabi/lib/thumb/v7e-m+fp/hard\libc_nano.a(libc_a-memset.o)
                              C:/ST/STM32CubeIDE_1.14.1/STM32CubeIDE/plugins/com.st.stm32cube.ide.mcu.externaltools.gnu-tools-for-stm32.11.3.rel1.win32_1.1.100.202309141235/tools/bin/../lib/gcc/arm-none-eabi/11.3.1/../../../../arm-none-eabi/lib/thumb/v7e-m+fp/hard/crt0.o (memset)
C:/ST/STM32CubeIDE_1.14.1/STM32CubeIDE/plugins/com.st.stm32cube.ide.mcu.externaltools.gnu-tools-for-stm32.11.3.rel1.win32_1.1.100.202309141235/tools/bin/../lib/gcc/arm-none-eabi/11.3.1/../../../../arm-none-eabi/lib/thumb/v7e-m+fp/hard\libc_nano.a(libc_a-strncpy.o)
                              ./Core/Src/main.o (strncpy)
[...]
Memory Configuration

Name             Origin             Length             Attributes
RAM              0x0000000020000000 0x0000000000010000 xrw
FLASH            0x0000000008000000 0x0000000000040000 xr
*default*        0x0000000000000000 0xffffffffffffffff

Linker script and memory map

LOAD C:/ST/STM32CubeIDE_1.14.1/STM32CubeIDE/plugins/com.st.stm32cube.ide.mcu.externaltools.gnu-tools-for-stm32.11.3.rel1.win32_1.1.100.202309141235/tools/bin/../lib/gcc/arm-none-eabi/11.3.1/thumb/v7e-m+fp/hard/crti.o
LOAD C:/ST/STM32CubeIDE_1.14.1/STM32CubeIDE/plugins/com.st.stm32cube.ide.mcu.externaltools.gnu-tools-for-stm32.11.3.rel1.win32_1.1.100.202309141235/tools/bin/../lib/gcc/arm-none-eabi/11.3.1/thumb/v7e-m+fp/hard/crtbegin.o
LOAD C:/ST/STM32CubeIDE_1.14.1/STM32CubeIDE/plugins/com.st.stm32cube.ide.mcu.externaltools.gnu-tools-for-stm32.11.3.rel1.win32_1.1.100.202309141235/tools/bin/../lib/gcc/arm-none-eabi/11.3.1/../../../../arm-none-eabi/lib/thumb/v7e-m+fp/hard/crt0.o
LOAD ./Core/Src/main.o
LOAD ./Core/Src/stm32f4xx_hal_msp.o
LOAD ./Core/Src/stm32f4xx_it.o
LOAD ./Core/Src/syscalls.o
LOAD ./Core/Src/sysmem.o
LOAD ./Core/Src/system_stm32f4xx.o
LOAD ./Core/Startup/startup_stm32f401ccux.o
LOAD ./Drivers/STM32F4xx_HAL_Driver/Src/stm32f4xx_hal.o
LOAD ./Drivers/STM32F4xx_HAL_Driver/Src/stm32f4xx_hal_cortex.o
LOAD ./Drivers/STM32F4xx_HAL_Driver/Src/stm32f4xx_hal_dma.o
LOAD ./Drivers/STM32F4xx_HAL_Driver/Src/stm32f4xx_hal_dma_ex.o
LOAD ./Drivers/STM32F4xx_HAL_Driver/Src/stm32f4xx_hal_exti.o
LOAD ./Drivers/STM32F4xx_HAL_Driver/Src/stm32f4xx_hal_flash.o
LOAD ./Drivers/STM32F4xx_HAL_Driver/Src/stm32f4xx_hal_flash_ex.o
LOAD ./Drivers/STM32F4xx_HAL_Driver/Src/stm32f4xx_hal_flash_ramfunc.o
LOAD ./Drivers/STM32F4xx_HAL_Driver/Src/stm32f4xx_hal_gpio.o
LOAD ./Drivers/STM32F4xx_HAL_Driver/Src/stm32f4xx_hal_i2c.o
LOAD ./Drivers/STM32F4xx_HAL_Driver/Src/stm32f4xx_hal_i2c_ex.o
LOAD ./Drivers/STM32F4xx_HAL_Driver/Src/stm32f4xx_hal_pcd.o
LOAD ./Drivers/STM32F4xx_HAL_Driver/Src/stm32f4xx_hal_pcd_ex.o
LOAD ./Drivers/STM32F4xx_HAL_Driver/Src/stm32f4xx_hal_pwr.o
LOAD ./Drivers/STM32F4xx_HAL_Driver/Src/stm32f4xx_hal_pwr_ex.o
LOAD ./Drivers/STM32F4xx_HAL_Driver/Src/stm32f4xx_hal_rcc.o
LOAD ./Drivers/STM32F4xx_HAL_Driver/Src/stm32f4xx_hal_rcc_ex.o
LOAD ./Drivers/STM32F4xx_HAL_Driver/Src/stm32f4xx_hal_tim.o
LOAD ./Drivers/STM32F4xx_HAL_Driver/Src/stm32f4xx_hal_tim_ex.o
LOAD ./Drivers/STM32F4xx_HAL_Driver/Src/stm32f4xx_ll_usb.o
LOAD ./Drivers/VL53L0X/core/src/vl53l0x_api.o
LOAD ./Drivers/VL53L0X/core/src/vl53l0x_api_calibration.o
LOAD ./Drivers/VL53L0X/core/src/vl53l0x_api_core.o
LOAD ./Drivers/VL53L0X/core/src/vl53l0x_api_ranging.o
LOAD ./Drivers/VL53L0X/core/src/vl53l0x_api_strings.o
LOAD ./Drivers/VL53L0X/platform/src/vl53l0x_platform.o
LOAD ./Drivers/VL53L0X/platform/src/vl53l0x_platform_log.o
LOAD ./Middlewares/ST/STM32_USB_Device_Library/Class/CDC/Src/usbd_cdc.o
LOAD ./Middlewares/ST/STM32_USB_Device_Library/Core/Src/usbd_core.o
LOAD ./Middlewares/ST/STM32_USB_Device_Library/Core/Src/usbd_ctlreq.o
LOAD ./Middlewares/ST/STM32_USB_Device_Library/Core/Src/usbd_ioreq.o
LOAD ./USB_DEVICE/App/usb_device.o
LOAD ./USB_DEVICE/App/usbd_cdc_if.o
LOAD ./USB_DEVICE/App/usbd_desc.o
LOAD ./USB_DEVICE/Target/usbd_conf.o
START GROUP
LOAD C:/ST/STM32CubeIDE_1.14.1/STM32CubeIDE/plugins/com.st.stm32cube.ide.mcu.externaltools.gnu-tools-for-stm32.11.3.rel1.win32_1.1.100.202309141235/tools/bin/../lib/gcc/arm-none-eabi/11.3.1/../../../../arm-none-eabi/lib/thumb/v7e-m+fp/hard\libstdc++_nano.a
LOAD C:/ST/STM32CubeIDE_1.14.1/STM32CubeIDE/plugins/com.st.stm32cube.ide.mcu.externaltools.gnu-tools-for-stm32.11.3.rel1.win32_1.1.100.202309141235/tools/bin/../lib/gcc/arm-none-eabi/11.3.1/../../../../arm-none-eabi/lib/thumb/v7e-m+fp/hard\libsupc++_nano.a
END GROUP
LOAD C:/ST/STM32CubeIDE_1.14.1/STM32CubeIDE/plugins/com.st.stm32cube.ide.mcu.externaltools.gnu-tools-for-stm32.11.3.rel1.win32_1.1.100.202309141235/tools/bin/../lib/gcc/arm-none-eabi/11.3.1/../../../../arm-none-eabi/lib/thumb/v7e-m+fp/hard\libstdc++_nano.a
LOAD C:/ST/STM32CubeIDE_1.14.1/STM32CubeIDE/plugins/com.st.stm32cube.ide.mcu.externaltools.gnu-tools-for-stm32.11.3.rel1.win32_1.1.100.202309141235/tools/bin/../lib/gcc/arm-none-eabi/11.3.1/../../../../arm-none-eabi/lib/thumb/v7e-m+fp/hard\libm.a
LOAD C:/ST/STM32CubeIDE_1.14.1/STM32CubeIDE/plugins/com.st.stm32cube.ide.mcu.externaltools.gnu-tools-for-stm32.11.3.rel1.win32_1.1.100.202309141235/tools/bin/../lib/gcc/arm-none-eabi/11.3.1/../../../../arm-none-eabi/lib/thumb/v7e-m+fp/hard\libc_nano.a
START GROUP
LOAD C:/ST/STM32CubeIDE_1.14.1/STM32CubeIDE/plugins/com.st.stm32cube.ide.mcu.externaltools.gnu-tools-for-stm32.11.3.rel1.win32_1.1.100.202309141235/tools/bin/../lib/gcc/arm-none-eabi/11.3.1/thumb/v7e-m+fp/hard\libgcc.a
LOAD C:/ST/STM32CubeIDE_1.14.1/STM32CubeIDE/plugins/com.st.stm32cube.ide.mcu.externaltools.gnu-tools-for-stm32.11.3.rel1.win32_1.1.100.202309141235/tools/bin/../lib/gcc/arm-none-eabi/11.3.1/../../../../arm-none-eabi/lib/thumb/v7e-m+fp/hard\libc_nano.a
END GROUP
START GROUP
LOAD C:/ST/STM32CubeIDE_1.14.1/STM32CubeIDE/plugins/com.st.stm32cube.ide.mcu.externaltools.gnu-tools-for-stm32.11.3.rel1.win32_1.1.100.202309141235/tools/bin/../lib/gcc/arm-none-eabi/11.3.1/thumb/v7e-m+fp/hard\libgcc.a
LOAD C:/ST/STM32CubeIDE_1.14.1/STM32CubeIDE/plugins/com.st.stm32cube.ide.mcu.externaltools.gnu-tools-for-stm32.11.3.rel1.win32_1.1.100.202309141235/tools/bin/../lib/gcc/arm-none-eabi/11.3.1/../../../../arm-none-eabi/lib/thumb/v7e-m+fp/hard\libc_nano.a
LOAD C:/ST/STM32CubeIDE_1.14.1/STM32CubeIDE/plugins/com.st.stm32cube.ide.mcu.externaltools.gnu-tools-for-stm32.11.3.rel1.win32_1.1.100.202309141235/tools/bin/../lib/gcc/arm-none-eabi/11.3.1/../../../../arm-none-eabi/lib/thumb/v7e-m+fp/hard\libnosys.a
END GROUP
START GROUP
LOAD C:/ST/STM32CubeIDE_1.14.1/STM32CubeIDE/plugins/com.st.stm32cube.ide.mcu.externaltools.gnu-tools-for-stm32.11.3.rel1.win32_1.1.100.202309141235/tools/bin/../lib/gcc/arm-none-eabi/11.3.1/thumb/v7e-m+fp/hard\libgcc.a
LOAD C:/ST/STM32CubeIDE_1.14.1/STM32CubeIDE/plugins/com.st.stm32cube.ide.mcu.externaltools.gnu-tools-for-stm32.11.3.rel1.win32_1.1.100.202309141235/tools/bin/../lib/gcc/arm-none-eabi/11.3.1/../../../../arm-none-eabi/lib/thumb/v7e-m+fp/hard\libc_nano.a
LOAD C:/ST/STM32CubeIDE_1.14.1/STM32CubeIDE/plugins/com.st.stm32cube.ide.mcu.externaltools.gnu-tools-for-stm32.11.3.rel1.win32_1.1.100.202309141235/tools/bin/../lib/gcc/arm-none-eabi/11.3.1/../../../../arm-none-eabi/lib/thumb/v7e-m+fp/hard\libnosys.a
END GROUP
LOAD C:/ST/STM32CubeIDE_1.14.1/STM32CubeIDE/plugins/com.st.stm32cube.ide.mcu.externaltools.gnu-tools-for-stm32.11.3.rel1.win32_1.1.100.202309141235/tools/bin/../lib/gcc/arm-none-eabi/11.3.1/thumb/v7e-m+fp/hard/crtend.o
LOAD C:/ST/STM32CubeIDE_1.14.1/STM32CubeIDE/plugins/com.st.stm32cube.ide.mcu.externaltools.gnu-tools-for-stm32.11.3.rel1.win32_1.1.100.202309141235/tools/bin/../lib/gcc/arm-none-eabi/11.3.1/thumb/v7e-m+fp/hard/crtn.o
                0x0000000020010000                _estack = (ORIGIN (RAM) + LENGTH (RAM))
                0x0000000000000200                _Min_Heap_Size = 0x200
                0x0000000000000400                _Min_Stack_Size = 0x400

.isr_vector     0x0000000008000000      0x194
                0x0000000008000000                . = ALIGN (0x4)
 *(.isr_vector)
 .isr_vector    0x0000000008000000      0x194 ./Core/Startup/startup_stm32f401ccux.o
                0x0000000008000000                g_pfnVectors
                0x0000000008000194                . = ALIGN (0x4)

.text           0x00000000080001a0     0xf5c0
                0x00000000080001a0                . = ALIGN (0x4)
 *(.text)
 .text          0x00000000080001a0       0x40 C:/ST/STM32CubeIDE_1.14.1/STM32CubeIDE/plugins/com.st.stm32cube.ide.mcu.externaltools.gnu-tools-for-stm32.11.3.rel1.win32_1.1.100.202309141235/tools/bin/../lib/gcc/arm-none-eabi/11.3.1/thumb/v7e-m+fp/hard/crtbegin.o
 .text          0x00000000080001e0       0x10 C:/ST/STM32CubeIDE_1.14.1/STM32CubeIDE/plugins/com.st.stm32cube.ide.mcu.externaltools.gnu-tools-for-stm32.11.3.rel1.win32_1.1.100.202309141235/tools/bin/../lib/gcc/arm-none-eabi/11.3.1/../../../../arm-none-eabi/lib/thumb/v7e-m+fp/hard\libc_nano.a(libc_a-strlen.o)
                0x00000000080001e0                strlen
 .text          0x00000000080001f0       0xa0 C:/ST/STM32CubeIDE_1.14.1/STM32CubeIDE/plugins/com.st.stm32cube.ide.mcu.externaltools.gnu-tools-for-stm32.11.3.rel1.win32_1.1.100.202309141235/tools/bin/../lib/gcc/arm-none-eabi/11.3.1/../../../../arm-none-eabi/lib/thumb/v7e-m+fp/hard\libc_nano.a(libc_a-memchr.o)
                0x00000000080001f0                memchr
 .text          0x0000000008000290       0x30 C:/ST/STM32CubeIDE_1.14.1/STM32CubeIDE/plugins/com.st.stm32cube.ide.mcu.externaltools.gnu-tools-for-stm32.11.3.rel1.win32_1.1.100.202309141235/tools/bin/../lib/gcc/arm-none-eabi/11.3.1/thumb/v7e-m+fp/hard\libgcc.a(_aeabi_uldivmod.o)
                0x0000000008000290                __aeabi_uldivmod
 .text          0x00000000080002c0      0x2c8 C:/ST/STM32CubeIDE_1.14.1/STM32CubeIDE/plugins/com.st.stm32cube.ide.mcu.externaltools.gnu-tools-for-stm32.11.3.rel1.win32_1.1.100.202309141235/tools/bin/../lib/gcc/arm-none-eabi/11.3.1/thumb/v7e-m+fp/hard\libgcc.a(_udivmoddi4.o)
                0x00000000080002c0                __udivmoddi4
 .text          0x0000000008000588        0x4 C:/ST/STM32CubeIDE_1.14.1/STM32CubeIDE/plugins/com.st.stm32cube.ide.mcu.externaltools.gnu-tools-for-stm32.11.3.rel1.win32_1.1.100.202309141235/tools/bin/../lib/gcc/arm-none-eabi/11.3.1/thumb/v7e-m+fp/hard\libgcc.a(_dvmd_tls.o)
                0x0000000008000588                __aeabi_idiv0
                0x0000000008000588                __aeabi_ldiv0
 *(.text*)
 .text.__NVIC_SystemReset
                0x000000000800058c       0x2c ./Core/Src/main.o
 .text.Servo_setCCR
                0x00000000080005b8       0x3e ./Core/Src/main.o
                0x00000000080005b8                Servo_setCCR
 *fill*         0x00000000080005f6        0x2 
 .text.Servo_setRotation
                0x00000000080005f8       0x58 ./Core/Src/main.o
                0x00000000080005f8                Servo_setRotation
 .text.Servo_calibrate
                0x0000000008000650       0x2c ./Core/Src/main.o
                0x0000000008000650                Servo_calibrate
 .text.Servo_Init
                0x000000000800067c       0xa8 ./Core/Src/main.o
                0x000000000800067c                Servo_Init
 .text.servoSelect
                0x0000000008000724       0x64 ./Core/Src/main.o
                0x0000000008000724                servoSelect
 .text.servoSet
                0x0000000008000788       0x32 ./Core/Src/main.o
                0x0000000008000788                servoSet
 .text.servoWrite
                0x00000000080007ba       0x2c ./Core/Src/main.o
                0x00000000080007ba                servoWrite
 .text.servoCal
                0x00000000080007e6       0x30 ./Core/Src/main.o
                0x00000000080007e6                servoCal
 *fill*         0x0000000008000816        0x2 
 .text.parseCommand
                0x0000000008000818      0x224 ./Core/Src/main.o
                0x0000000008000818                parseCommand
 .text.HAL_GPIO_EXTI_Callback
                0x0000000008000a3c       0x24 ./Core/Src/main.o
                0x0000000008000a3c                HAL_GPIO_EXTI_Callback
 .text.main     0x0000000008000a60      0x194 ./Core/Src/main.o
                0x0000000008000a60                main
 .text.SystemClock_Config
                0x0000000008000bf4       0xd8 ./Core/Src/main.o
                0x0000000008000bf4                SystemClock_Config
 .text.MX_I2C1_Init
                0x0000000008000ccc       0x5c ./Core/Src/main.o
 .text.MX_TIM2_Init
                0x0000000008000d28      0x12c ./Core/Src/main.o
 .text.MX_TIM3_Init
                0x0000000008000e54       0xec ./Core/Src/main.o
 .text.MX_GPIO_Init
                0x0000000008000f40      0x10c ./Core/Src/main.o
 .text.Sensor_Init
                0x000000000800104c       0xd0 ./Core/Src/main.o
                0x000000000800104c                Sensor_Init
 .text.Actuator_Init
                0x000000000800111c       0xac ./Core/Src/main.o
                0x000000000800111c                Actuator_Init
 .text.Error_Handler
                0x00000000080011c8       0x20 ./Core/Src/main.o
                0x00000000080011c8                Error_Handler
 .text.HAL_MspInit
                0x00000000080011e8       0x50 ./Core/Src/stm32f4xx_hal_msp.o
                0x00000000080011e8                HAL_MspInit
 .text.HAL_I2C_MspInit
                0x0000000008001238       0x90 ./Core/Src/stm32f4xx_hal_msp.o
                0x0000000008001238                HAL_I2C_MspInit
 .text.HAL_TIM_Base_MspInit
                0x00000000080012c8       0x6c ./Core/Src/stm32f4xx_hal_msp.o
                0x00000000080012c8                HAL_TIM_Base_MspInit
 .text.HAL_TIM_MspPostInit
                0x0000000008001334       0xc0 ./Core/Src/stm32f4xx_hal_msp.o
                0x0000000008001334                HAL_TIM_MspPostInit
 .text.NMI_Handler
                0x00000000080013f4        0x6 ./Core/Src/stm32f4xx_it.o
                0x00000000080013f4                NMI_Handler
 .text.HardFault_Handler
                0x00000000080013fa        0x6 ./Core/Src/stm32f4xx_it.o
                0x00000000080013fa                HardFault_Handler
 .text.MemManage_Handler
                0x0000000008001400        0x6 ./Core/Src/stm32f4xx_it.o
                0x0000000008001400                MemManage_Handler
 .text.BusFault_Handler
                0x0000000008001406        0x6 ./Core/Src/stm32f4xx_it.o
                0x0000000008001406                BusFault_Handler
 .text.UsageFault_Handler
                0x000000000800140c        0x6 ./Core/Src/stm32f4xx_it.o
                0x000000000800140c                UsageFault_Handler
 .text.SVC_Handler
                0x0000000008001412        0xe ./Core/Src/stm32f4xx_it.o
                0x0000000008001412                SVC_Handler
 .text.DebugMon_Handler
                0x0000000008001420        0xe ./Core/Src/stm32f4xx_it.o
                0x0000000008001420                DebugMon_Handler
 .text.PendSV_Handler
                0x000000000800142e        0xe ./Core/Src/stm32f4xx_it.o
                0x000000000800142e                PendSV_Handler
 .text.SysTick_Handler
                0x000000000800143c        0xc ./Core/Src/stm32f4xx_it.o
                0x000000000800143c                SysTick_Handler
 .text.EXTI9_5_IRQHandler
                0x0000000008001448       0x10 ./Core/Src/stm32f4xx_it.o
                0x0000000008001448                EXTI9_5_IRQHandler
 .text.OTG_FS_IRQHandler
                0x0000000008001458       0x14 ./Core/Src/stm32f4xx_it.o
                0x0000000008001458                OTG_FS_IRQHandler
 .text._getpid  0x000000000800146c       0x10 ./Core/Src/syscalls.o
                0x000000000800146c                _getpid
 .text._kill    0x000000000800147c       0x20 ./Core/Src/syscalls.o
                0x000000000800147c                _kill
 .text._exit    0x000000000800149c       0x14 ./Core/Src/syscalls.o
                0x000000000800149c                _exit
 .text._read    0x00000000080014b0       0x3a ./Core/Src/syscalls.o
                0x00000000080014b0                _read
 .text._write   0x00000000080014ea       0x38 ./Core/Src/syscalls.o
                0x00000000080014ea                _write
 .text._close   0x0000000008001522       0x18 ./Core/Src/syscalls.o
                0x0000000008001522                _close
 .text._fstat   0x000000000800153a       0x20 ./Core/Src/syscalls.o
                0x000000000800153a                _fstat
 .text._isatty  0x000000000800155a       0x16 ./Core/Src/syscalls.o
                0x000000000800155a                _isatty
 .text._lseek   0x0000000008001570       0x1a ./Core/Src/syscalls.o
                0x0000000008001570                _lseek
 *fill*         0x000000000800158a        0x2 
 .text._sbrk    0x000000000800158c       0x6c ./Core/Src/sysmem.o
                0x000000000800158c                _sbrk
 .text.SystemInit
                0x00000000080015f8       0x24 ./Core/Src/system_stm32f4xx.o
                0x00000000080015f8                SystemInit
 .text.Reset_Handler
                0x000000000800161c       0x50 ./Core/Startup/startup_stm32f401ccux.o
                0x000000000800161c                Reset_Handler
 .text.Default_Handler
                0x000000000800166c        0x2 ./Core/Startup/startup_stm32f401ccux.o
                0x000000000800166c                RTC_Alarm_IRQHandler
                0x000000000800166c                EXTI2_IRQHandler
                0x000000000800166c                SPI4_IRQHandler
                0x000000000800166c                TIM1_CC_IRQHandler
                0x000000000800166c                DMA2_Stream5_IRQHandler
                0x000000000800166c                DMA1_Stream5_IRQHandler
                0x000000000800166c                PVD_IRQHandler
                0x000000000800166c                SDIO_IRQHandler
                0x000000000800166c                TAMP_STAMP_IRQHandler
                0x000000000800166c                EXTI3_IRQHandler
                0x000000000800166c                TIM1_UP_TIM10_IRQHandler
                0x000000000800166c                I2C3_ER_IRQHandler
                0x000000000800166c                EXTI0_IRQHandler
                0x000000000800166c                I2C2_EV_IRQHandler
                0x000000000800166c                DMA1_Stream2_IRQHandler
                0x000000000800166c                FPU_IRQHandler
                0x000000000800166c                DMA2_Stream2_IRQHandler
                0x000000000800166c                SPI1_IRQHandler
                0x000000000800166c                TIM1_BRK_TIM9_IRQHandler
                0x000000000800166c                DMA2_Stream3_IRQHandler
                0x000000000800166c                USART6_IRQHandler
                0x000000000800166c                DMA2_Stream0_IRQHandler
                0x000000000800166c                TIM4_IRQHandler
                0x000000000800166c                I2C1_EV_IRQHandler
                0x000000000800166c                DMA1_Stream6_IRQHandler
                0x000000000800166c                DMA1_Stream1_IRQHandler
                0x000000000800166c                TIM3_IRQHandler
                0x000000000800166c                RCC_IRQHandler
                0x000000000800166c                Default_Handler
                0x000000000800166c                EXTI15_10_IRQHandler
                0x000000000800166c                ADC_IRQHandler
                0x000000000800166c                DMA1_Stream7_IRQHandler
                0x000000000800166c                TIM5_IRQHandler
                0x000000000800166c                DMA2_Stream7_IRQHandler
                0x000000000800166c                I2C3_EV_IRQHandler
                0x000000000800166c                RTC_WKUP_IRQHandler
                0x000000000800166c                SPI2_IRQHandler
                0x000000000800166c                DMA1_Stream0_IRQHandler
                0x000000000800166c                EXTI4_IRQHandler
                0x000000000800166c                WWDG_IRQHandler
                0x000000000800166c                TIM2_IRQHandler
                0x000000000800166c                OTG_FS_WKUP_IRQHandler
                0x000000000800166c                TIM1_TRG_COM_TIM11_IRQHandler
                0x000000000800166c                EXTI1_IRQHandler
                0x000000000800166c                USART2_IRQHandler
                0x000000000800166c                I2C2_ER_IRQHandler
                0x000000000800166c                DMA2_Stream1_IRQHandler
                0x000000000800166c                FLASH_IRQHandler
                0x000000000800166c                DMA2_Stream4_IRQHandler
                0x000000000800166c                USART1_IRQHandler
                0x000000000800166c                SPI3_IRQHandler
                0x000000000800166c                DMA1_Stream4_IRQHandler
                0x000000000800166c                I2C1_ER_IRQHandler
                0x000000000800166c                DMA2_Stream6_IRQHandler
                0x000000000800166c                DMA1_Stream3_IRQHandler
 *fill*         0x000000000800166e        0x2 
 .text.HAL_Init
                0x0000000008001670       0x44 ./Drivers/STM32F4xx_HAL_Driver/Src/stm32f4xx_hal.o
                0x0000000008001670                HAL_Init
 .text.HAL_InitTick
                0x00000000080016b4       0x60 ./Drivers/STM32F4xx_HAL_Driver/Src/stm32f4xx_hal.o
                0x00000000080016b4                HAL_InitTick
 .text.HAL_IncTick
                0x0000000008001714       0x28 ./Drivers/STM32F4xx_HAL_Driver/Src/stm32f4xx_hal.o
                0x0000000008001714                HAL_IncTick
 .text.HAL_GetTick
                0x000000000800173c       0x18 ./Drivers/STM32F4xx_HAL_Driver/Src/stm32f4xx_hal.o
                0x000000000800173c                HAL_GetTick
 .text.HAL_Delay
                0x0000000008001754       0x48 ./Drivers/STM32F4xx_HAL_Driver/Src/stm32f4xx_hal.o
                0x0000000008001754                HAL_Delay
 .text.__NVIC_SetPriorityGrouping
                0x000000000800179c       0x48 ./Drivers/STM32F4xx_HAL_Driver/Src/stm32f4xx_hal_cortex.o
 .text.__NVIC_GetPriorityGrouping
                0x00000000080017e4       0x1c ./Drivers/STM32F4xx_HAL_Driver/Src/stm32f4xx_hal_cortex.o
 .text.__NVIC_EnableIRQ
                0x0000000008001800       0x3c ./Drivers/STM32F4xx_HAL_Driver/Src/stm32f4xx_hal_cortex.o
 .text.__NVIC_SetPriority
                0x000000000800183c       0x54 ./Drivers/STM32F4xx_HAL_Driver/Src/stm32f4xx_hal_cortex.o
 .text.NVIC_EncodePriority
                0x0000000008001890       0x66 ./Drivers/STM32F4xx_HAL_Driver/Src/stm32f4xx_hal_cortex.o
 *fill*         0x00000000080018f6        0x2 
 .text.SysTick_Config
                0x00000000080018f8       0x44 ./Drivers/STM32F4xx_HAL_Driver/Src/stm32f4xx_hal_cortex.o
 .text.HAL_NVIC_SetPriorityGrouping
                0x000000000800193c       0x16 ./Drivers/STM32F4xx_HAL_Driver/Src/stm32f4xx_hal_cortex.o
                0x000000000800193c                HAL_NVIC_SetPriorityGrouping
 .text.HAL_NVIC_SetPriority
                0x0000000008001952       0x38 ./Drivers/STM32F4xx_HAL_Driver/Src/stm32f4xx_hal_cortex.o
                0x0000000008001952                HAL_NVIC_SetPriority
 .text.HAL_NVIC_EnableIRQ
                0x000000000800198a       0x1c ./Drivers/STM32F4xx_HAL_Driver/Src/stm32f4xx_hal_cortex.o
                0x000000000800198a                HAL_NVIC_EnableIRQ
 .text.HAL_SYSTICK_Config
                0x00000000080019a6       0x18 ./Drivers/STM32F4xx_HAL_Driver/Src/stm32f4xx_hal_cortex.o
                0x00000000080019a6                HAL_SYSTICK_Config
 *fill*         0x00000000080019be        0x2 
 .text.HAL_GPIO_Init
                0x00000000080019c0      0x308 ./Drivers/STM32F4xx_HAL_Driver/Src/stm32f4xx_hal_gpio.o
                0x00000000080019c0                HAL_GPIO_Init
 .text.HAL_GPIO_WritePin
                0x0000000008001cc8       0x32 ./Drivers/STM32F4xx_HAL_Driver/Src/stm32f4xx_hal_gpio.o
                0x0000000008001cc8                HAL_GPIO_WritePin
 *fill*         0x0000000008001cfa        0x2 
 .text.HAL_GPIO_EXTI_IRQHandler
                0x0000000008001cfc       0x30 ./Drivers/STM32F4xx_HAL_Driver/Src/stm32f4xx_hal_gpio.o
                0x0000000008001cfc                HAL_GPIO_EXTI_IRQHandler
 .text.HAL_I2C_Init
                0x0000000008001d2c      0x288 ./Drivers/STM32F4xx_HAL_Driver/Src/stm32f4xx_hal_i2c.o
                0x0000000008001d2c                HAL_I2C_Init
 .text.HAL_I2C_Master_Transmit
                0x0000000008001fb4      0x1fc ./Drivers/STM32F4xx_HAL_Driver/Src/stm32f4xx_hal_i2c.o
                0x0000000008001fb4                HAL_I2C_Master_Transmit
 .text.HAL_I2C_Master_Receive
                0x00000000080021b0      0x464 ./Drivers/STM32F4xx_HAL_Driver/Src/stm32f4xx_hal_i2c.o
                0x00000000080021b0                HAL_I2C_Master_Receive
 .text.I2C_MasterRequestWrite
                0x0000000008002614      0x104 ./Drivers/STM32F4xx_HAL_Driver/Src/stm32f4xx_hal_i2c.o
 .text.I2C_MasterRequestRead
                0x0000000008002718      0x19c ./Drivers/STM32F4xx_HAL_Driver/Src/stm32f4xx_hal_i2c.o
 .text.I2C_WaitOnFlagUntilTimeout
                0x00000000080028b4       0xf4 ./Drivers/STM32F4xx_HAL_Driver/Src/stm32f4xx_hal_i2c.o
 .text.I2C_WaitOnMasterAddressFlagUntilTimeout
                0x00000000080029a8      0x140 ./Drivers/STM32F4xx_HAL_Driver/Src/stm32f4xx_hal_i2c.o
 .text.I2C_WaitOnTXEFlagUntilTimeout
                0x0000000008002ae8       0x90 ./Drivers/STM32F4xx_HAL_Driver/Src/stm32f4xx_hal_i2c.o
 .text.I2C_WaitOnBTFFlagUntilTimeout
                0x0000000008002b78       0x90 ./Drivers/STM32F4xx_HAL_Driver/Src/stm32f4xx_hal_i2c.o
 .text.I2C_WaitOnRXNEFlagUntilTimeout
                0x0000000008002c08       0xba ./Drivers/STM32F4xx_HAL_Driver/Src/stm32f4xx_hal_i2c.o
 .text.I2C_IsAcknowledgeFailed
                0x0000000008002cc2       0x5e ./Drivers/STM32F4xx_HAL_Driver/Src/stm32f4xx_hal_i2c.o
 .text.HAL_PCD_Init
                0x0000000008002d20      0x21e ./Drivers/STM32F4xx_HAL_Driver/Src/stm32f4xx_hal_pcd.o
                0x0000000008002d20                HAL_PCD_Init
 .text.HAL_PCD_Start
                0x0000000008002f3e       0x6a ./Drivers/STM32F4xx_HAL_Driver/Src/stm32f4xx_hal_pcd.o
                0x0000000008002f3e                HAL_PCD_Start
 .text.HAL_PCD_IRQHandler
                0x0000000008002fa8      0x942 ./Drivers/STM32F4xx_HAL_Driver/Src/stm32f4xx_hal_pcd.o
                0x0000000008002fa8                HAL_PCD_IRQHandler
 .text.HAL_PCD_SetAddress
                0x00000000080038ea       0x48 ./Drivers/STM32F4xx_HAL_Driver/Src/stm32f4xx_hal_pcd.o
                0x00000000080038ea                HAL_PCD_SetAddress
 .text.HAL_PCD_EP_Open
                0x0000000008003932       0xd0 ./Drivers/STM32F4xx_HAL_Driver/Src/stm32f4xx_hal_pcd.o
                0x0000000008003932                HAL_PCD_EP_Open
 .text.HAL_PCD_EP_Close
                0x0000000008003a02       0x94 ./Drivers/STM32F4xx_HAL_Driver/Src/stm32f4xx_hal_pcd.o
                0x0000000008003a02                HAL_PCD_EP_Close
 .text.HAL_PCD_EP_Receive
                0x0000000008003a96       0x76 ./Drivers/STM32F4xx_HAL_Driver/Src/stm32f4xx_hal_pcd.o
                0x0000000008003a96                HAL_PCD_EP_Receive
 .text.HAL_PCD_EP_GetRxCount
                0x0000000008003b0c       0x30 ./Drivers/STM32F4xx_HAL_Driver/Src/stm32f4xx_hal_pcd.o
                0x0000000008003b0c                HAL_PCD_EP_GetRxCount
 .text.HAL_PCD_EP_Transmit
                0x0000000008003b3c       0x74 ./Drivers/STM32F4xx_HAL_Driver/Src/stm32f4xx_hal_pcd.o
                0x0000000008003b3c                HAL_PCD_EP_Transmit
 .text.HAL_PCD_EP_SetStall
                0x0000000008003bb0       0xc6 ./Drivers/STM32F4xx_HAL_Driver/Src/stm32f4xx_hal_pcd.o
                0x0000000008003bb0                HAL_PCD_EP_SetStall
 .text.HAL_PCD_EP_ClrStall
                0x0000000008003c76       0xac ./Drivers/STM32F4xx_HAL_Driver/Src/stm32f4xx_hal_pcd.o
                0x0000000008003c76                HAL_PCD_EP_ClrStall
 .text.HAL_PCD_EP_Abort
                0x0000000008003d22       0x62 ./Drivers/STM32F4xx_HAL_Driver/Src/stm32f4xx_hal_pcd.o
                0x0000000008003d22                HAL_PCD_EP_Abort
 .text.PCD_WriteEmptyTxFifo
                0x0000000008003d84      0x118 ./Drivers/STM32F4xx_HAL_Driver/Src/stm32f4xx_hal_pcd.o
 .text.PCD_EP_OutXfrComplete_int
                0x0000000008003e9c      0x1d0 ./Drivers/STM32F4xx_HAL_Driver/Src/stm32f4xx_hal_pcd.o
 .text.PCD_EP_OutSetupPacket_int
                0x000000000800406c       0x8c ./Drivers/STM32F4xx_HAL_Driver/Src/stm32f4xx_hal_pcd.o
 .text.HAL_PCDEx_SetTxFiFo
                0x00000000080040f8       0x8e ./Drivers/STM32F4xx_HAL_Driver/Src/stm32f4xx_hal_pcd_ex.o
                0x00000000080040f8                HAL_PCDEx_SetTxFiFo
 .text.HAL_PCDEx_SetRxFiFo
                0x0000000008004186       0x22 ./Drivers/STM32F4xx_HAL_Driver/Src/stm32f4xx_hal_pcd_ex.o
                0x0000000008004186                HAL_PCDEx_SetRxFiFo
 .text.HAL_PCDEx_LPM_Callback
                0x00000000080041a8       0x18 ./Drivers/STM32F4xx_HAL_Driver/Src/stm32f4xx_hal_pcd_ex.o
                0x00000000080041a8                HAL_PCDEx_LPM_Callback
 .text.HAL_RCC_OscConfig
                0x00000000080041c0      0x4f0 ./Drivers/STM32F4xx_HAL_Driver/Src/stm32f4xx_hal_rcc.o
                0x00000000080041c0                HAL_RCC_OscConfig
 .text.HAL_RCC_ClockConfig
                0x00000000080046b0      0x1cc ./Drivers/STM32F4xx_HAL_Driver/Src/stm32f4xx_hal_rcc.o
                0x00000000080046b0                HAL_RCC_ClockConfig
 .text.HAL_RCC_GetSysClockFreq
                0x000000000800487c      0x18c ./Drivers/STM32F4xx_HAL_Driver/Src/stm32f4xx_hal_rcc.o
                0x000000000800487c                HAL_RCC_GetSysClockFreq
 .text.HAL_RCC_GetHCLKFreq
                0x0000000008004a08       0x18 ./Drivers/STM32F4xx_HAL_Driver/Src/stm32f4xx_hal_rcc.o
                0x0000000008004a08                HAL_RCC_GetHCLKFreq
 .text.HAL_RCC_GetPCLK1Freq
                0x0000000008004a20       0x28 ./Drivers/STM32F4xx_HAL_Driver/Src/stm32f4xx_hal_rcc.o
                0x0000000008004a20                HAL_RCC_GetPCLK1Freq
 .text.HAL_TIM_Base_Init
                0x0000000008004a48       0x9e ./Drivers/STM32F4xx_HAL_Driver/Src/stm32f4xx_hal_tim.o
                0x0000000008004a48                HAL_TIM_Base_Init
 .text.HAL_TIM_PWM_Init
                0x0000000008004ae6       0x9e ./Drivers/STM32F4xx_HAL_Driver/Src/stm32f4xx_hal_tim.o
                0x0000000008004ae6                HAL_TIM_PWM_Init
 .text.HAL_TIM_PWM_MspInit
                0x0000000008004b84       0x14 ./Drivers/STM32F4xx_HAL_Driver/Src/stm32f4xx_hal_tim.o
                0x0000000008004b84                HAL_TIM_PWM_MspInit
 .text.HAL_TIM_PWM_Start
                0x0000000008004b98      0x160 ./Drivers/STM32F4xx_HAL_Driver/Src/stm32f4xx_hal_tim.o
                0x0000000008004b98                HAL_TIM_PWM_Start
 .text.HAL_TIM_PWM_ConfigChannel
                0x0000000008004cf8      0x184 ./Drivers/STM32F4xx_HAL_Driver/Src/stm32f4xx_hal_tim.o
                0x0000000008004cf8                HAL_TIM_PWM_ConfigChannel
 .text.HAL_TIM_ConfigClockSource
                0x0000000008004e7c      0x18e ./Drivers/STM32F4xx_HAL_Driver/Src/stm32f4xx_hal_tim.o
                0x0000000008004e7c                HAL_TIM_ConfigClockSource
 *fill*         0x000000000800500a        0x2 
 .text.TIM_Base_SetConfig
                0x000000000800500c      0x118 ./Drivers/STM32F4xx_HAL_Driver/Src/stm32f4xx_hal_tim.o
                0x000000000800500c                TIM_Base_SetConfig
 .text.TIM_OC1_SetConfig
                0x0000000008005124       0xcc ./Drivers/STM32F4xx_HAL_Driver/Src/stm32f4xx_hal_tim.o
 .text.TIM_OC2_SetConfig
                0x00000000080051f0       0xd8 ./Drivers/STM32F4xx_HAL_Driver/Src/stm32f4xx_hal_tim.o
                0x00000000080051f0                TIM_OC2_SetConfig
 .text.TIM_OC3_SetConfig
                0x00000000080052c8       0xd4 ./Drivers/STM32F4xx_HAL_Driver/Src/stm32f4xx_hal_tim.o
 .text.TIM_OC4_SetConfig
                0x000000000800539c       0xa0 ./Drivers/STM32F4xx_HAL_Driver/Src/stm32f4xx_hal_tim.o
 .text.TIM_TI1_ConfigInputStage
                0x000000000800543c       0x5e ./Drivers/STM32F4xx_HAL_Driver/Src/stm32f4xx_hal_tim.o
 .text.TIM_TI2_ConfigInputStage
                0x000000000800549a       0x60 ./Drivers/STM32F4xx_HAL_Driver/Src/stm32f4xx_hal_tim.o
 .text.TIM_ITRx_SetConfig
                0x00000000080054fa       0x36 ./Drivers/STM32F4xx_HAL_Driver/Src/stm32f4xx_hal_tim.o
 .text.TIM_ETR_SetConfig
                0x0000000008005530       0x40 ./Drivers/STM32F4xx_HAL_Driver/Src/stm32f4xx_hal_tim.o
                0x0000000008005530                TIM_ETR_SetConfig
 .text.TIM_CCxChannelCmd
                0x0000000008005570       0x4a ./Drivers/STM32F4xx_HAL_Driver/Src/stm32f4xx_hal_tim.o
                0x0000000008005570                TIM_CCxChannelCmd
 *fill*         0x00000000080055ba        0x2 
 .text.HAL_TIMEx_MasterConfigSynchronization
                0x00000000080055bc       0xdc ./Drivers/STM32F4xx_HAL_Driver/Src/stm32f4xx_hal_tim_ex.o
                0x00000000080055bc                HAL_TIMEx_MasterConfigSynchronization
 .text.USB_CoreInit
                0x0000000008005698       0xc8 ./Drivers/STM32F4xx_HAL_Driver/Src/stm32f4xx_ll_usb.o
                0x0000000008005698                USB_CoreInit
 .text.USB_SetTurnaroundTime
                0x0000000008005760      0x144 ./Drivers/STM32F4xx_HAL_Driver/Src/stm32f4xx_ll_usb.o
                0x0000000008005760                USB_SetTurnaroundTime
 .text.USB_EnableGlobalInt
                0x00000000080058a4       0x22 ./Drivers/STM32F4xx_HAL_Driver/Src/stm32f4xx_ll_usb.o
                0x00000000080058a4                USB_EnableGlobalInt
 .text.USB_DisableGlobalInt
                0x00000000080058c6       0x22 ./Drivers/STM32F4xx_HAL_Driver/Src/stm32f4xx_ll_usb.o
                0x00000000080058c6                USB_DisableGlobalInt
 .text.USB_SetCurrentMode
                0x00000000080058e8       0x98 ./Drivers/STM32F4xx_HAL_Driver/Src/stm32f4xx_ll_usb.o
                0x00000000080058e8                USB_SetCurrentMode
 .text.USB_DevInit
                0x0000000008005980      0x2c8 ./Drivers/STM32F4xx_HAL_Driver/Src/stm32f4xx_ll_usb.o
                0x0000000008005980                USB_DevInit
 .text.USB_FlushTxFifo
                0x0000000008005c48       0x64 ./Drivers/STM32F4xx_HAL_Driver/Src/stm32f4xx_ll_usb.o
                0x0000000008005c48                USB_FlushTxFifo
 .text.USB_FlushRxFifo
                0x0000000008005cac       0x5c ./Drivers/STM32F4xx_HAL_Driver/Src/stm32f4xx_ll_usb.o
                0x0000000008005cac                USB_FlushRxFifo
 .text.USB_SetDevSpeed
                0x0000000008005d08       0x32 ./Drivers/STM32F4xx_HAL_Driver/Src/stm32f4xx_ll_usb.o
                0x0000000008005d08                USB_SetDevSpeed
 .text.USB_GetDevSpeed
                0x0000000008005d3a       0x4a ./Drivers/STM32F4xx_HAL_Driver/Src/stm32f4xx_ll_usb.o
                0x0000000008005d3a                USB_GetDevSpeed
 .text.USB_ActivateEndpoint
                0x0000000008005d84      0x10e ./Drivers/STM32F4xx_HAL_Driver/Src/stm32f4xx_ll_usb.o
                0x0000000008005d84                USB_ActivateEndpoint
 *fill*         0x0000000008005e92        0x2 
 .text.USB_DeactivateEndpoint
                0x0000000008005e94      0x1b8 ./Drivers/STM32F4xx_HAL_Driver/Src/stm32f4xx_ll_usb.o
                0x0000000008005e94                USB_DeactivateEndpoint
 .text.USB_EPStartXfer
                0x000000000800604c      0x530 ./Drivers/STM32F4xx_HAL_Driver/Src/stm32f4xx_ll_usb.o
                0x000000000800604c                USB_EPStartXfer
 .text.USB_EPStopXfer
                0x000000000800657c      0x154 ./Drivers/STM32F4xx_HAL_Driver/Src/stm32f4xx_ll_usb.o
                0x000000000800657c                USB_EPStopXfer
 .text.USB_WritePacket
                0x00000000080066d0       0x7c ./Drivers/STM32F4xx_HAL_Driver/Src/stm32f4xx_ll_usb.o
                0x00000000080066d0                USB_WritePacket
 .text.USB_ReadPacket
                0x000000000800674c       0xb0 ./Drivers/STM32F4xx_HAL_Driver/Src/stm32f4xx_ll_usb.o
                0x000000000800674c                USB_ReadPacket
 .text.USB_EPSetStall
                0x00000000080067fc       0xdc ./Drivers/STM32F4xx_HAL_Driver/Src/stm32f4xx_ll_usb.o
                0x00000000080067fc                USB_EPSetStall
 .text.USB_EPClearStall
                0x00000000080068d8       0xcc ./Drivers/STM32F4xx_HAL_Driver/Src/stm32f4xx_ll_usb.o
                0x00000000080068d8                USB_EPClearStall
 .text.USB_SetDevAddress
                0x00000000080069a4       0x4c ./Drivers/STM32F4xx_HAL_Driver/Src/stm32f4xx_ll_usb.o
                0x00000000080069a4                USB_SetDevAddress
 .text.USB_DevConnect
                0x00000000080069f0       0x42 ./Drivers/STM32F4xx_HAL_Driver/Src/stm32f4xx_ll_usb.o
                0x00000000080069f0                USB_DevConnect
 .text.USB_DevDisconnect
                0x0000000008006a32       0x42 ./Drivers/STM32F4xx_HAL_Driver/Src/stm32f4xx_ll_usb.o
                0x0000000008006a32                USB_DevDisconnect
 .text.USB_ReadInterrupts
                0x0000000008006a74       0x26 ./Drivers/STM32F4xx_HAL_Driver/Src/stm32f4xx_ll_usb.o
                0x0000000008006a74                USB_ReadInterrupts
 .text.USB_ReadDevAllOutEpInterrupt
                0x0000000008006a9a       0x34 ./Drivers/STM32F4xx_HAL_Driver/Src/stm32f4xx_ll_usb.o
                0x0000000008006a9a                USB_ReadDevAllOutEpInterrupt
 .text.USB_ReadDevAllInEpInterrupt
                0x0000000008006ace       0x34 ./Drivers/STM32F4xx_HAL_Driver/Src/stm32f4xx_ll_usb.o
                0x0000000008006ace                USB_ReadDevAllInEpInterrupt
 .text.USB_ReadDevOutEPInterrupt
                0x0000000008006b02       0x3c ./Drivers/STM32F4xx_HAL_Driver/Src/stm32f4xx_ll_usb.o
                0x0000000008006b02                USB_ReadDevOutEPInterrupt
 .text.USB_ReadDevInEPInterrupt
                0x0000000008006b3e       0x5c ./Drivers/STM32F4xx_HAL_Driver/Src/stm32f4xx_ll_usb.o
                0x0000000008006b3e                USB_ReadDevInEPInterrupt
 .text.USB_GetMode
                0x0000000008006b9a       0x1c ./Drivers/STM32F4xx_HAL_Driver/Src/stm32f4xx_ll_usb.o
                0x0000000008006b9a                USB_GetMode
 .text.USB_ActivateSetup
                0x0000000008006bb6       0x46 ./Drivers/STM32F4xx_HAL_Driver/Src/stm32f4xx_ll_usb.o
                0x0000000008006bb6                USB_ActivateSetup
 .text.USB_EP0_OutStart
                0x0000000008006bfc       0xbc ./Drivers/STM32F4xx_HAL_Driver/Src/stm32f4xx_ll_usb.o
                0x0000000008006bfc                USB_EP0_OutStart
 .text.USB_CoreReset
                0x0000000008006cb8       0x62 ./Drivers/STM32F4xx_HAL_Driver/Src/stm32f4xx_ll_usb.o
 .text.VL53L0X_GetOffsetCalibrationDataMicroMeter
                0x0000000008006d1a       0x26 ./Drivers/VL53L0X/core/src/vl53l0x_api.o
                0x0000000008006d1a                VL53L0X_GetOffsetCalibrationDataMicroMeter
 .text.VL53L0X_DataInit
                0x0000000008006d40      0x2ec ./Drivers/VL53L0X/core/src/vl53l0x_api.o
                0x0000000008006d40                VL53L0X_DataInit
 .text.VL53L0X_StaticInit
                0x000000000800702c      0x2f4 ./Drivers/VL53L0X/core/src/vl53l0x_api.o
                0x000000000800702c                VL53L0X_StaticInit
 .text.VL53L0X_ResetDevice
                0x0000000008007320       0x84 ./Drivers/VL53L0X/core/src/vl53l0x_api.o
                0x0000000008007320                VL53L0X_ResetDevice
 .text.VL53L0X_GetDeviceParameters
                0x00000000080073a4      0x120 ./Drivers/VL53L0X/core/src/vl53l0x_api.o
                0x00000000080073a4                VL53L0X_GetDeviceParameters
 .text.VL53L0X_SetDeviceMode
                0x00000000080074c4       0x58 ./Drivers/VL53L0X/core/src/vl53l0x_api.o
                0x00000000080074c4                VL53L0X_SetDeviceMode
 .text.VL53L0X_GetDeviceMode
                0x000000000800751c       0x26 ./Drivers/VL53L0X/core/src/vl53l0x_api.o
                0x000000000800751c                VL53L0X_GetDeviceMode
 .text.VL53L0X_GetFractionEnable
                0x0000000008007542       0x3e ./Drivers/VL53L0X/core/src/vl53l0x_api.o
                0x0000000008007542                VL53L0X_GetFractionEnable
 .text.VL53L0X_SetMeasurementTimingBudgetMicroSeconds
                0x0000000008007580       0x26 ./Drivers/VL53L0X/core/src/vl53l0x_api.o
                0x0000000008007580                VL53L0X_SetMeasurementTimingBudgetMicroSeconds
 .text.VL53L0X_GetMeasurementTimingBudgetMicroSeconds
                0x00000000080075a6       0x26 ./Drivers/VL53L0X/core/src/vl53l0x_api.o
                0x00000000080075a6                VL53L0X_GetMeasurementTimingBudgetMicroSeconds
 .text.VL53L0X_GetVcselPulsePeriod
                0x00000000080075cc       0x2e ./Drivers/VL53L0X/core/src/vl53l0x_api.o
                0x00000000080075cc                VL53L0X_GetVcselPulsePeriod
 *fill*         0x00000000080075fa        0x2 
 .text.VL53L0X_SetSequenceStepEnable
                0x00000000080075fc      0x140 ./Drivers/VL53L0X/core/src/vl53l0x_api.o
                0x00000000080075fc                VL53L0X_SetSequenceStepEnable
 .text.sequence_step_enabled
                0x000000000800773c       0xa4 ./Drivers/VL53L0X/core/src/vl53l0x_api.o
                0x000000000800773c                sequence_step_enabled
 .text.VL53L0X_GetSequenceStepEnables
                0x00000000080077e0       0xb0 ./Drivers/VL53L0X/core/src/vl53l0x_api.o
                0x00000000080077e0                VL53L0X_GetSequenceStepEnables
 .text.VL53L0X_GetSequenceStepTimeout
                0x0000000008007890       0x80 ./Drivers/VL53L0X/core/src/vl53l0x_api.o
                0x0000000008007890                VL53L0X_GetSequenceStepTimeout
 .text.VL53L0X_GetInterMeasurementPeriodMilliSeconds
                0x0000000008007910       0x68 ./Drivers/VL53L0X/core/src/vl53l0x_api.o
                0x0000000008007910                VL53L0X_GetInterMeasurementPeriodMilliSeconds
 .text.VL53L0X_GetXTalkCompensationEnable
                0x0000000008007978       0x2a ./Drivers/VL53L0X/core/src/vl53l0x_api.o
                0x0000000008007978                VL53L0X_GetXTalkCompensationEnable
 .text.VL53L0X_GetXTalkCompensationRateMegaCps
                0x00000000080079a2       0x66 ./Drivers/VL53L0X/core/src/vl53l0x_api.o
                0x00000000080079a2                VL53L0X_GetXTalkCompensationRateMegaCps
 .text.VL53L0X_SetLimitCheckEnable
                0x0000000008007a08      0x118 ./Drivers/VL53L0X/core/src/vl53l0x_api.o
                0x0000000008007a08                VL53L0X_SetLimitCheckEnable
 .text.VL53L0X_GetLimitCheckEnable
                0x0000000008007b20       0x46 ./Drivers/VL53L0X/core/src/vl53l0x_api.o
                0x0000000008007b20                VL53L0X_GetLimitCheckEnable
 *fill*         0x0000000008007b66        0x2 
 .text.VL53L0X_SetLimitCheckValue
                0x0000000008007b68       0xc4 ./Drivers/VL53L0X/core/src/vl53l0x_api.o
                0x0000000008007b68                VL53L0X_SetLimitCheckValue
 .text.VL53L0X_GetLimitCheckValue
                0x0000000008007c2c      0x11c ./Drivers/VL53L0X/core/src/vl53l0x_api.o
                0x0000000008007c2c                VL53L0X_GetLimitCheckValue
 .text.VL53L0X_GetWrapAroundCheckEnable
                0x0000000008007d48       0x64 ./Drivers/VL53L0X/core/src/vl53l0x_api.o
                0x0000000008007d48                VL53L0X_GetWrapAroundCheckEnable
 .text.VL53L0X_PerformSingleMeasurement
                0x0000000008007dac       0x68 ./Drivers/VL53L0X/core/src/vl53l0x_api.o
                0x0000000008007dac                VL53L0X_PerformSingleMeasurement
 .text.VL53L0X_PerformRefCalibration
                0x0000000008007e14       0x2c ./Drivers/VL53L0X/core/src/vl53l0x_api.o
                0x0000000008007e14                VL53L0X_PerformRefCalibration
 .text.VL53L0X_CheckAndLoadInterruptSettings
                0x0000000008007e40       0xcc ./Drivers/VL53L0X/core/src/vl53l0x_api.o
                0x0000000008007e40                VL53L0X_CheckAndLoadInterruptSettings
 .text.VL53L0X_StartMeasurement
                0x0000000008007f0c      0x180 ./Drivers/VL53L0X/core/src/vl53l0x_api.o
                0x0000000008007f0c                VL53L0X_StartMeasurement
 .text.VL53L0X_GetMeasurementDataReady
                0x000000000800808c       0x80 ./Drivers/VL53L0X/core/src/vl53l0x_api.o
                0x000000000800808c                VL53L0X_GetMeasurementDataReady
 .text.VL53L0X_GetRangingMeasurementData
                0x000000000800810c      0x248 ./Drivers/VL53L0X/core/src/vl53l0x_api.o
                0x000000000800810c                VL53L0X_GetRangingMeasurementData
 .text.VL53L0X_PerformSingleRangingMeasurement
                0x0000000008008354       0x60 ./Drivers/VL53L0X/core/src/vl53l0x_api.o
                0x0000000008008354                VL53L0X_PerformSingleRangingMeasurement
 .text.VL53L0X_SetGpioConfig
                0x00000000080083b4      0x244 ./Drivers/VL53L0X/core/src/vl53l0x_api.o
                0x00000000080083b4                VL53L0X_SetGpioConfig
 .text.VL53L0X_GetInterruptThresholds
                0x00000000080085f8       0x6c ./Drivers/VL53L0X/core/src/vl53l0x_api.o
                0x00000000080085f8                VL53L0X_GetInterruptThresholds
 .text.VL53L0X_ClearInterruptMask
                0x0000000008008664       0x86 ./Drivers/VL53L0X/core/src/vl53l0x_api.o
                0x0000000008008664                VL53L0X_ClearInterruptMask
 .text.VL53L0X_GetInterruptMaskStatus
                0x00000000080086ea       0x44 ./Drivers/VL53L0X/core/src/vl53l0x_api.o
                0x00000000080086ea                VL53L0X_GetInterruptMaskStatus
 .text.VL53L0X_PerformRefSpadManagement
                0x000000000800872e       0x2a ./Drivers/VL53L0X/core/src/vl53l0x_api.o
                0x000000000800872e                VL53L0X_PerformRefSpadManagement
 .text.VL53L0X_get_offset_calibration_data_micro_meter
                0x0000000008008758       0x7e ./Drivers/VL53L0X/core/src/vl53l0x_api_calibration.o
                0x0000000008008758                VL53L0X_get_offset_calibration_data_micro_meter
 .text.get_next_good_spad
                0x00000000080087d6       0xbc ./Drivers/VL53L0X/core/src/vl53l0x_api_calibration.o
                0x00000000080087d6                get_next_good_spad
 *fill*         0x0000000008008892        0x2 
 .text.is_aperture
                0x0000000008008894       0x34 ./Drivers/VL53L0X/core/src/vl53l0x_api_calibration.o
                0x0000000008008894                is_aperture
 .text.enable_spad_bit
                0x00000000080088c8       0x70 ./Drivers/VL53L0X/core/src/vl53l0x_api_calibration.o
                0x00000000080088c8                enable_spad_bit
 .text.set_ref_spad_map
                0x0000000008008938       0x26 ./Drivers/VL53L0X/core/src/vl53l0x_api_calibration.o
                0x0000000008008938                set_ref_spad_map
 .text.get_ref_spad_map
                0x000000000800895e       0x26 ./Drivers/VL53L0X/core/src/vl53l0x_api_calibration.o
                0x000000000800895e                get_ref_spad_map
 .text.enable_ref_spads
                0x0000000008008984       0xf8 ./Drivers/VL53L0X/core/src/vl53l0x_api_calibration.o
                0x0000000008008984                enable_ref_spads
 .text.perform_ref_signal_measurement
                0x0000000008008a7c       0xd4 ./Drivers/VL53L0X/core/src/vl53l0x_api_calibration.o
                0x0000000008008a7c                perform_ref_signal_measurement
 .text.VL53L0X_perform_ref_spad_management
                0x0000000008008b50      0x418 ./Drivers/VL53L0X/core/src/vl53l0x_api_calibration.o
                0x0000000008008b50                VL53L0X_perform_ref_spad_management
 .text.VL53L0X_set_reference_spads
                0x0000000008008f68      0x14a ./Drivers/VL53L0X/core/src/vl53l0x_api_calibration.o
                0x0000000008008f68                VL53L0X_set_reference_spads
 .text.VL53L0X_perform_single_ref_calibration
                0x00000000080090b2       0x76 ./Drivers/VL53L0X/core/src/vl53l0x_api_calibration.o
                0x00000000080090b2                VL53L0X_perform_single_ref_calibration
 .text.VL53L0X_ref_calibration_io
                0x0000000008009128      0x132 ./Drivers/VL53L0X/core/src/vl53l0x_api_calibration.o
                0x0000000008009128                VL53L0X_ref_calibration_io
 .text.VL53L0X_perform_vhv_calibration
                0x000000000800925a       0xce ./Drivers/VL53L0X/core/src/vl53l0x_api_calibration.o
                0x000000000800925a                VL53L0X_perform_vhv_calibration
 .text.VL53L0X_perform_phase_calibration
                0x0000000008009328       0xca ./Drivers/VL53L0X/core/src/vl53l0x_api_calibration.o
                0x0000000008009328                VL53L0X_perform_phase_calibration
 .text.VL53L0X_perform_ref_calibration
                0x00000000080093f2       0x7a ./Drivers/VL53L0X/core/src/vl53l0x_api_calibration.o
                0x00000000080093f2                VL53L0X_perform_ref_calibration
 .text.VL53L0X_measurement_poll_for_completion
                0x000000000800946c       0x5e ./Drivers/VL53L0X/core/src/vl53l0x_api_core.o
                0x000000000800946c                VL53L0X_measurement_poll_for_completion
 .text.VL53L0X_decode_vcsel_period
                0x00000000080094ca       0x26 ./Drivers/VL53L0X/core/src/vl53l0x_api_core.o
                0x00000000080094ca                VL53L0X_decode_vcsel_period
 .text.VL53L0X_isqrt
                0x00000000080094f0       0x68 ./Drivers/VL53L0X/core/src/vl53l0x_api_core.o
                0x00000000080094f0                VL53L0X_isqrt
 .text.VL53L0X_device_read_strobe
                0x0000000008009558       0x82 ./Drivers/VL53L0X/core/src/vl53l0x_api_core.o
                0x0000000008009558                VL53L0X_device_read_strobe
 .text.VL53L0X_get_info_from_device
                0x00000000080095da      0x99a ./Drivers/VL53L0X/core/src/vl53l0x_api_core.o
                0x00000000080095da                VL53L0X_get_info_from_device
 .text.VL53L0X_calc_macro_period_ps
                0x0000000008009f74       0x3c ./Drivers/VL53L0X/core/src/vl53l0x_api_core.o
                0x0000000008009f74                VL53L0X_calc_macro_period_ps
 .text.VL53L0X_encode_timeout
                0x0000000008009fb0       0x58 ./Drivers/VL53L0X/core/src/vl53l0x_api_core.o
                0x0000000008009fb0                VL53L0X_encode_timeout
 .text.VL53L0X_decode_timeout
                0x000000000800a008       0x2c ./Drivers/VL53L0X/core/src/vl53l0x_api_core.o
                0x000000000800a008                VL53L0X_decode_timeout
 .text.VL53L0X_calc_timeout_mclks
                0x000000000800a034       0x54 ./Drivers/VL53L0X/core/src/vl53l0x_api_core.o
                0x000000000800a034                VL53L0X_calc_timeout_mclks
 .text.VL53L0X_calc_timeout_us
                0x000000000800a088       0x58 ./Drivers/VL53L0X/core/src/vl53l0x_api_core.o
                0x000000000800a088                VL53L0X_calc_timeout_us
 .text.get_sequence_step_timeout
                0x000000000800a0e0      0x1c2 ./Drivers/VL53L0X/core/src/vl53l0x_api_core.o
                0x000000000800a0e0                get_sequence_step_timeout
 .text.set_sequence_step_timeout
                0x000000000800a2a2      0x1e8 ./Drivers/VL53L0X/core/src/vl53l0x_api_core.o
                0x000000000800a2a2                set_sequence_step_timeout
 .text.VL53L0X_get_vcsel_pulse_period
                0x000000000800a48a       0x6e ./Drivers/VL53L0X/core/src/vl53l0x_api_core.o
                0x000000000800a48a                VL53L0X_get_vcsel_pulse_period
 .text.VL53L0X_set_measurement_timing_budget_micro_seconds
                0x000000000800a4f8      0x1c0 ./Drivers/VL53L0X/core/src/vl53l0x_api_core.o
                0x000000000800a4f8                VL53L0X_set_measurement_timing_budget_micro_seconds
 .text.VL53L0X_get_measurement_timing_budget_micro_seconds
                0x000000000800a6b8      0x162 ./Drivers/VL53L0X/core/src/vl53l0x_api_core.o
                0x000000000800a6b8                VL53L0X_get_measurement_timing_budget_micro_seconds
 *fill*         0x000000000800a81a        0x2 
 .text.VL53L0X_load_tuning_settings
                0x000000000800a81c      0x1c4 ./Drivers/VL53L0X/core/src/vl53l0x_api_core.o
                0x000000000800a81c                VL53L0X_load_tuning_settings
 .text.VL53L0X_get_total_xtalk_rate
                0x000000000800a9e0       0x5e ./Drivers/VL53L0X/core/src/vl53l0x_api_core.o
                0x000000000800a9e0                VL53L0X_get_total_xtalk_rate
 .text.VL53L0X_get_total_signal_rate
                0x000000000800aa3e       0x4a ./Drivers/VL53L0X/core/src/vl53l0x_api_core.o
                0x000000000800aa3e                VL53L0X_get_total_signal_rate
 .text.VL53L0X_calc_dmax
                0x000000000800aa88      0x238 ./Drivers/VL53L0X/core/src/vl53l0x_api_core.o
                0x000000000800aa88                VL53L0X_calc_dmax
 .text.VL53L0X_calc_sigma_estimate
                0x000000000800acc0      0x420 ./Drivers/VL53L0X/core/src/vl53l0x_api_core.o
                0x000000000800acc0                VL53L0X_calc_sigma_estimate
 .text.VL53L0X_get_pal_range_status
                0x000000000800b0e0      0x3b6 ./Drivers/VL53L0X/core/src/vl53l0x_api_core.o
                0x000000000800b0e0                VL53L0X_get_pal_range_status
 .text._I2CWrite
                0x000000000800b496       0x3e ./Drivers/VL53L0X/platform/src/vl53l0x_platform.o
                0x000000000800b496                _I2CWrite
 .text._I2CRead
                0x000000000800b4d4       0x44 ./Drivers/VL53L0X/platform/src/vl53l0x_platform.o
                0x000000000800b4d4                _I2CRead
 .text.VL53L0X_WriteMulti
                0x000000000800b518       0x60 ./Drivers/VL53L0X/platform/src/vl53l0x_platform.o
                0x000000000800b518                VL53L0X_WriteMulti
 .text.VL53L0X_ReadMulti
                0x000000000800b578       0x56 ./Drivers/VL53L0X/platform/src/vl53l0x_platform.o
                0x000000000800b578                VL53L0X_ReadMulti
 *fill*         0x000000000800b5ce        0x2 
 .text.VL53L0X_WrByte
                0x000000000800b5d0       0x48 ./Drivers/VL53L0X/platform/src/vl53l0x_platform.o
                0x000000000800b5d0                VL53L0X_WrByte
 .text.VL53L0X_WrWord
                0x000000000800b618       0x54 ./Drivers/VL53L0X/platform/src/vl53l0x_platform.o
                0x000000000800b618                VL53L0X_WrWord
 .text.VL53L0X_UpdateByte
                0x000000000800b66c       0x68 ./Drivers/VL53L0X/platform/src/vl53l0x_platform.o
                0x000000000800b66c                VL53L0X_UpdateByte
 .text.VL53L0X_RdByte
                0x000000000800b6d4       0x54 ./Drivers/VL53L0X/platform/src/vl53l0x_platform.o
                0x000000000800b6d4                VL53L0X_RdByte
 .text.VL53L0X_RdWord
                0x000000000800b728       0x70 ./Drivers/VL53L0X/platform/src/vl53l0x_platform.o
                0x000000000800b728                VL53L0X_RdWord
 .text.VL53L0X_RdDWord
                0x000000000800b798       0x78 ./Drivers/VL53L0X/platform/src/vl53l0x_platform.o
                0x000000000800b798                VL53L0X_RdDWord
 .text.VL53L0X_PollingDelay
                0x000000000800b810       0x1e ./Drivers/VL53L0X/platform/src/vl53l0x_platform.o
                0x000000000800b810                VL53L0X_PollingDelay
 *fill*         0x000000000800b82e        0x2 
 .text.USBD_CDC_Init
                0x000000000800b830      0x1f0 ./Middlewares/ST/STM32_USB_Device_Library/Class/CDC/Src/usbd_cdc.o
 .text.USBD_CDC_DeInit
                0x000000000800ba20      0x104 ./Middlewares/ST/STM32_USB_Device_Library/Class/CDC/Src/usbd_cdc.o
 .text.USBD_CDC_Setup
                0x000000000800bb24      0x1b8 ./Middlewares/ST/STM32_USB_Device_Library/Class/CDC/Src/usbd_cdc.o
 .text.USBD_CDC_DataIn
                0x000000000800bcdc       0xfe ./Middlewares/ST/STM32_USB_Device_Library/Class/CDC/Src/usbd_cdc.o
 .text.USBD_CDC_DataOut
                0x000000000800bdda       0x70 ./Middlewares/ST/STM32_USB_Device_Library/Class/CDC/Src/usbd_cdc.o
 .text.USBD_CDC_EP0_RxReady
                0x000000000800be4a       0x76 ./Middlewares/ST/STM32_USB_Device_Library/Class/CDC/Src/usbd_cdc.o
 .text.USBD_CDC_GetFSCfgDesc
                0x000000000800bec0       0x70 ./Middlewares/ST/STM32_USB_Device_Library/Class/CDC/Src/usbd_cdc.o
 .text.USBD_CDC_GetHSCfgDesc
                0x000000000800bf30       0x70 ./Middlewares/ST/STM32_USB_Device_Library/Class/CDC/Src/usbd_cdc.o
 .text.USBD_CDC_GetOtherSpeedCfgDesc
                0x000000000800bfa0       0x70 ./Middlewares/ST/STM32_USB_Device_Library/Class/CDC/Src/usbd_cdc.o
 .text.USBD_CDC_GetDeviceQualifierDescriptor
                0x000000000800c010       0x20 ./Middlewares/ST/STM32_USB_Device_Library/Class/CDC/Src/usbd_cdc.o
                0x000000000800c010                USBD_CDC_GetDeviceQualifierDescriptor
 .text.USBD_CDC_RegisterInterface
                0x000000000800c030       0x34 ./Middlewares/ST/STM32_USB_Device_Library/Class/CDC/Src/usbd_cdc.o
                0x000000000800c030                USBD_CDC_RegisterInterface
 .text.USBD_CDC_SetTxBuffer
                0x000000000800c064       0x44 ./Middlewares/ST/STM32_USB_Device_Library/Class/CDC/Src/usbd_cdc.o
                0x000000000800c064                USBD_CDC_SetTxBuffer
 .text.USBD_CDC_SetRxBuffer
                0x000000000800c0a8       0x3a ./Middlewares/ST/STM32_USB_Device_Library/Class/CDC/Src/usbd_cdc.o
                0x000000000800c0a8                USBD_CDC_SetRxBuffer
 *fill*         0x000000000800c0e2        0x2 
 .text.USBD_CDC_TransmitPacket
                0x000000000800c0e4       0x80 ./Middlewares/ST/STM32_USB_Device_Library/Class/CDC/Src/usbd_cdc.o
                0x000000000800c0e4                USBD_CDC_TransmitPacket
 .text.USBD_CDC_ReceivePacket
                0x000000000800c164       0x6c ./Middlewares/ST/STM32_USB_Device_Library/Class/CDC/Src/usbd_cdc.o
                0x000000000800c164                USBD_CDC_ReceivePacket
 .text.USBD_Init
                0x000000000800c1d0       0x60 ./Middlewares/ST/STM32_USB_Device_Library/Core/Src/usbd_core.o
                0x000000000800c1d0                USBD_Init
 .text.USBD_RegisterClass
                0x000000000800c230       0x6c ./Middlewares/ST/STM32_USB_Device_Library/Core/Src/usbd_core.o
                0x000000000800c230                USBD_RegisterClass
 .text.USBD_Start
                0x000000000800c29c       0x18 ./Middlewares/ST/STM32_USB_Device_Library/Core/Src/usbd_core.o
                0x000000000800c29c                USBD_Start
 .text.USBD_RunTestMode
                0x000000000800c2b4       0x16 ./Middlewares/ST/STM32_USB_Device_Library/Core/Src/usbd_core.o
                0x000000000800c2b4                USBD_RunTestMode
 .text.USBD_SetClassConfig
                0x000000000800c2ca       0x38 ./Middlewares/ST/STM32_USB_Device_Library/Core/Src/usbd_core.o
                0x000000000800c2ca                USBD_SetClassConfig
 .text.USBD_ClrClassConfig
                0x000000000800c302       0x34 ./Middlewares/ST/STM32_USB_Device_Library/Core/Src/usbd_core.o
                0x000000000800c302                USBD_ClrClassConfig
 .text.USBD_LL_SetupStage
                0x000000000800c336       0xaa ./Middlewares/ST/STM32_USB_Device_Library/Core/Src/usbd_core.o
                0x000000000800c336                USBD_LL_SetupStage
 .text.USBD_LL_DataOutStage
                0x000000000800c3e0      0x166 ./Middlewares/ST/STM32_USB_Device_Library/Core/Src/usbd_core.o
                0x000000000800c3e0                USBD_LL_DataOutStage
 .text.USBD_LL_DataInStage
                0x000000000800c546      0x164 ./Middlewares/ST/STM32_USB_Device_Library/Core/Src/usbd_core.o
                0x000000000800c546                USBD_LL_DataInStage
 .text.USBD_LL_Reset
                0x000000000800c6aa       0xa4 ./Middlewares/ST/STM32_USB_Device_Library/Core/Src/usbd_core.o
                0x000000000800c6aa                USBD_LL_Reset
 .text.USBD_LL_SetSpeed
                0x000000000800c74e       0x20 ./Middlewares/ST/STM32_USB_Device_Library/Core/Src/usbd_core.o
                0x000000000800c74e                USBD_LL_SetSpeed
 .text.USBD_LL_Suspend
                0x000000000800c76e       0x38 ./Middlewares/ST/STM32_USB_Device_Library/Core/Src/usbd_core.o
                0x000000000800c76e                USBD_LL_Suspend
 .text.USBD_LL_Resume
                0x000000000800c7a6       0x30 ./Middlewares/ST/STM32_USB_Device_Library/Core/Src/usbd_core.o
                0x000000000800c7a6                USBD_LL_Resume
 .text.USBD_LL_SOF
                0x000000000800c7d6       0x40 ./Middlewares/ST/STM32_USB_Device_Library/Core/Src/usbd_core.o
                0x000000000800c7d6                USBD_LL_SOF
 .text.USBD_LL_IsoINIncomplete
                0x000000000800c816       0x64 ./Middlewares/ST/STM32_USB_Device_Library/Core/Src/usbd_core.o
                0x000000000800c816                USBD_LL_IsoINIncomplete
 .text.USBD_LL_IsoOUTIncomplete
                0x000000000800c87a       0x64 ./Middlewares/ST/STM32_USB_Device_Library/Core/Src/usbd_core.o
                0x000000000800c87a                USBD_LL_IsoOUTIncomplete
 .text.USBD_LL_DevConnected
                0x000000000800c8de       0x16 ./Middlewares/ST/STM32_USB_Device_Library/Core/Src/usbd_core.o
                0x000000000800c8de                USBD_LL_DevConnected
 .text.USBD_LL_DevDisconnected
                0x000000000800c8f4       0x46 ./Middlewares/ST/STM32_USB_Device_Library/Core/Src/usbd_core.o
                0x000000000800c8f4                USBD_LL_DevDisconnected
 .text.USBD_CoreFindIF
                0x000000000800c93a       0x1a ./Middlewares/ST/STM32_USB_Device_Library/Core/Src/usbd_core.o
                0x000000000800c93a                USBD_CoreFindIF
 .text.USBD_CoreFindEP
                0x000000000800c954       0x1a ./Middlewares/ST/STM32_USB_Device_Library/Core/Src/usbd_core.o
                0x000000000800c954                USBD_CoreFindEP
 .text.USBD_GetEpDesc
                0x000000000800c96e       0x74 ./Middlewares/ST/STM32_USB_Device_Library/Core/Src/usbd_core.o
                0x000000000800c96e                USBD_GetEpDesc
 .text.USBD_GetNextDesc
                0x000000000800c9e2       0x3a ./Middlewares/ST/STM32_USB_Device_Library/Core/Src/usbd_core.o
                0x000000000800c9e2                USBD_GetNextDesc
 .text.SWAPBYTE
                0x000000000800ca1c       0x3c ./Middlewares/ST/STM32_USB_Device_Library/Core/Src/usbd_ctlreq.o
 .text.USBD_StdDevReq
                0x000000000800ca58       0xe4 ./Middlewares/ST/STM32_USB_Device_Library/Core/Src/usbd_ctlreq.o
                0x000000000800ca58                USBD_StdDevReq
 .text.USBD_StdItfReq
                0x000000000800cb3c       0xd8 ./Middlewares/ST/STM32_USB_Device_Library/Core/Src/usbd_ctlreq.o
                0x000000000800cb3c                USBD_StdItfReq
 .text.USBD_StdEPReq
                0x000000000800cc14      0x33a ./Middlewares/ST/STM32_USB_Device_Library/Core/Src/usbd_ctlreq.o
                0x000000000800cc14                USBD_StdEPReq
 *fill*         0x000000000800cf4e        0x2 
 .text.USBD_GetDescriptor
                0x000000000800cf50      0x2d4 ./Middlewares/ST/STM32_USB_Device_Library/Core/Src/usbd_ctlreq.o
 .text.USBD_SetAddress
                0x000000000800d224       0x88 ./Middlewares/ST/STM32_USB_Device_Library/Core/Src/usbd_ctlreq.o
 .text.USBD_SetConfig
                0x000000000800d2ac      0x154 ./Middlewares/ST/STM32_USB_Device_Library/Core/Src/usbd_ctlreq.o
 .text.USBD_GetConfig
                0x000000000800d400       0x6c ./Middlewares/ST/STM32_USB_Device_Library/Core/Src/usbd_ctlreq.o
 .text.USBD_GetStatus
                0x000000000800d46c       0x68 ./Middlewares/ST/STM32_USB_Device_Library/Core/Src/usbd_ctlreq.o
 .text.USBD_SetFeature
                0x000000000800d4d4       0x52 ./Middlewares/ST/STM32_USB_Device_Library/Core/Src/usbd_ctlreq.o
 .text.USBD_ClrFeature
                0x000000000800d526       0x44 ./Middlewares/ST/STM32_USB_Device_Library/Core/Src/usbd_ctlreq.o
 .text.USBD_ParseSetupRequest
                0x000000000800d56a       0x74 ./Middlewares/ST/STM32_USB_Device_Library/Core/Src/usbd_ctlreq.o
                0x000000000800d56a                USBD_ParseSetupRequest
 .text.USBD_CtlError
                0x000000000800d5de       0x22 ./Middlewares/ST/STM32_USB_Device_Library/Core/Src/usbd_ctlreq.o
                0x000000000800d5de                USBD_CtlError
 .text.USBD_GetString
                0x000000000800d600       0x8c ./Middlewares/ST/STM32_USB_Device_Library/Core/Src/usbd_ctlreq.o
                0x000000000800d600                USBD_GetString
 .text.USBD_GetLen
                0x000000000800d68c       0x34 ./Middlewares/ST/STM32_USB_Device_Library/Core/Src/usbd_ctlreq.o
 .text.USBD_CtlSendData
                0x000000000800d6c0       0x36 ./Middlewares/ST/STM32_USB_Device_Library/Core/Src/usbd_ioreq.o
                0x000000000800d6c0                USBD_CtlSendData
 .text.USBD_CtlContinueSendData
                0x000000000800d6f6       0x22 ./Middlewares/ST/STM32_USB_Device_Library/Core/Src/usbd_ioreq.o
                0x000000000800d6f6                USBD_CtlContinueSendData
 .text.USBD_CtlPrepareRx
                0x000000000800d718       0x3a ./Middlewares/ST/STM32_USB_Device_Library/Core/Src/usbd_ioreq.o
                0x000000000800d718                USBD_CtlPrepareRx
 .text.USBD_CtlContinueRx
                0x000000000800d752       0x22 ./Middlewares/ST/STM32_USB_Device_Library/Core/Src/usbd_ioreq.o
                0x000000000800d752                USBD_CtlContinueRx
 .text.USBD_CtlSendStatus
                0x000000000800d774       0x26 ./Middlewares/ST/STM32_USB_Device_Library/Core/Src/usbd_ioreq.o
                0x000000000800d774                USBD_CtlSendStatus
 .text.USBD_CtlReceiveStatus
                0x000000000800d79a       0x26 ./Middlewares/ST/STM32_USB_Device_Library/Core/Src/usbd_ioreq.o
                0x000000000800d79a                USBD_CtlReceiveStatus
 .text.MX_USB_DEVICE_Init
                0x000000000800d7c0       0x60 ./USB_DEVICE/App/usb_device.o
                0x000000000800d7c0                MX_USB_DEVICE_Init
 .text.CDC_Init_FS
                0x000000000800d820       0x28 ./USB_DEVICE/App/usbd_cdc_if.o
 .text.CDC_DeInit_FS
                0x000000000800d848       0x10 ./USB_DEVICE/App/usbd_cdc_if.o
 .text.CDC_Control_FS
                0x000000000800d858       0xbc ./USB_DEVICE/App/usbd_cdc_if.o
 .text.CDC_Receive_FS
                0x000000000800d914       0x5c ./USB_DEVICE/App/usbd_cdc_if.o
 .text.CDC_Transmit_FS
                0x000000000800d970       0x4c ./USB_DEVICE/App/usbd_cdc_if.o
                0x000000000800d970                CDC_Transmit_FS
 .text.CDC_TransmitCplt_FS
                0x000000000800d9bc       0x22 ./USB_DEVICE/App/usbd_cdc_if.o
 *fill*         0x000000000800d9de        0x2 
 .text.USBD_FS_DeviceDescriptor
                0x000000000800d9e0       0x24 ./USB_DEVICE/App/usbd_desc.o
                0x000000000800d9e0                USBD_FS_DeviceDescriptor
 .text.USBD_FS_LangIDStrDescriptor
                0x000000000800da04       0x24 ./USB_DEVICE/App/usbd_desc.o
                0x000000000800da04                USBD_FS_LangIDStrDescriptor
 .text.USBD_FS_ProductStrDescriptor
                0x000000000800da28       0x3c ./USB_DEVICE/App/usbd_desc.o
                0x000000000800da28                USBD_FS_ProductStrDescriptor
 .text.USBD_FS_ManufacturerStrDescriptor
                0x000000000800da64       0x28 ./USB_DEVICE/App/usbd_desc.o
                0x000000000800da64                USBD_FS_ManufacturerStrDescriptor
 .text.USBD_FS_SerialStrDescriptor
                0x000000000800da8c       0x24 ./USB_DEVICE/App/usbd_desc.o
                0x000000000800da8c                USBD_FS_SerialStrDescriptor
 .text.USBD_FS_ConfigStrDescriptor
                0x000000000800dab0       0x3c ./USB_DEVICE/App/usbd_desc.o
                0x000000000800dab0                USBD_FS_ConfigStrDescriptor
 .text.USBD_FS_InterfaceStrDescriptor
                0x000000000800daec       0x3c ./USB_DEVICE/App/usbd_desc.o
                0x000000000800daec                USBD_FS_InterfaceStrDescriptor
 .text.Get_SerialNum
                0x000000000800db28       0x58 ./USB_DEVICE/App/usbd_desc.o
 .text.IntToUnicode
                0x000000000800db80       0x7e ./USB_DEVICE/App/usbd_desc.o
 *fill*         0x000000000800dbfe        0x2 
 .text.HAL_PCD_MspInit
                0x000000000800dc00       0xa8 ./USB_DEVICE/Target/usbd_conf.o
                0x000000000800dc00                HAL_PCD_MspInit
 .text.HAL_PCD_SetupStageCallback
                0x000000000800dca8       0x24 ./USB_DEVICE/Target/usbd_conf.o
                0x000000000800dca8                HAL_PCD_SetupStageCallback
 .text.HAL_PCD_DataOutStageCallback
                0x000000000800dccc       0x36 ./USB_DEVICE/Target/usbd_conf.o
                0x000000000800dccc                HAL_PCD_DataOutStageCallback
 .text.HAL_PCD_DataInStageCallback
                0x000000000800dd02       0x34 ./USB_DEVICE/Target/usbd_conf.o
                0x000000000800dd02                HAL_PCD_DataInStageCallback
 .text.HAL_PCD_SOFCallback
                0x000000000800dd36       0x1c ./USB_DEVICE/Target/usbd_conf.o
                0x000000000800dd36                HAL_PCD_SOFCallback
 .text.HAL_PCD_ResetCallback
                0x000000000800dd52       0x3c ./USB_DEVICE/Target/usbd_conf.o
                0x000000000800dd52                HAL_PCD_ResetCallback
 *fill*         0x000000000800dd8e        0x2 
 .text.HAL_PCD_SuspendCallback
                0x000000000800dd90       0x4c ./USB_DEVICE/Target/usbd_conf.o
                0x000000000800dd90                HAL_PCD_SuspendCallback
 .text.HAL_PCD_ResumeCallback
                0x000000000800dddc       0x1c ./USB_DEVICE/Target/usbd_conf.o
                0x000000000800dddc                HAL_PCD_ResumeCallback
 .text.HAL_PCD_ISOOUTIncompleteCallback
                0x000000000800ddf8       0x24 ./USB_DEVICE/Target/usbd_conf.o
                0x000000000800ddf8                HAL_PCD_ISOOUTIncompleteCallback
 .text.HAL_PCD_ISOINIncompleteCallback
                0x000000000800de1c       0x24 ./USB_DEVICE/Target/usbd_conf.o
                0x000000000800de1c                HAL_PCD_ISOINIncompleteCallback
 .text.HAL_PCD_ConnectCallback
                0x000000000800de40       0x1c ./USB_DEVICE/Target/usbd_conf.o
                0x000000000800de40                HAL_PCD_ConnectCallback
 .text.HAL_PCD_DisconnectCallback
                0x000000000800de5c       0x1c ./USB_DEVICE/Target/usbd_conf.o
                0x000000000800de5c                HAL_PCD_DisconnectCallback
 .text.USBD_LL_Init
                0x000000000800de78       0x98 ./USB_DEVICE/Target/usbd_conf.o
                0x000000000800de78                USBD_LL_Init
 .text.USBD_LL_Start
                0x000000000800df10       0x36 ./USB_DEVICE/Target/usbd_conf.o
                0x000000000800df10                USBD_LL_Start
 .text.USBD_LL_OpenEP
                0x000000000800df46       0x4c ./USB_DEVICE/Target/usbd_conf.o
                0x000000000800df46                USBD_LL_OpenEP
 .text.USBD_LL_CloseEP
                0x000000000800df92       0x3e ./USB_DEVICE/Target/usbd_conf.o
                0x000000000800df92                USBD_LL_CloseEP
 .text.USBD_LL_StallEP
                0x000000000800dfd0       0x3e ./USB_DEVICE/Target/usbd_conf.o
                0x000000000800dfd0                USBD_LL_StallEP
 .text.USBD_LL_ClearStallEP
                0x000000000800e00e       0x3e ./USB_DEVICE/Target/usbd_conf.o
                0x000000000800e00e                USBD_LL_ClearStallEP
 .text.USBD_LL_IsStallEP
                0x000000000800e04c       0x58 ./USB_DEVICE/Target/usbd_conf.o
                0x000000000800e04c                USBD_LL_IsStallEP
 .text.USBD_LL_SetUSBAddress
                0x000000000800e0a4       0x3e ./USB_DEVICE/Target/usbd_conf.o
                0x000000000800e0a4                USBD_LL_SetUSBAddress
 .text.USBD_LL_Transmit
                0x000000000800e0e2       0x42 ./USB_DEVICE/Target/usbd_conf.o
                0x000000000800e0e2                USBD_LL_Transmit
 .text.USBD_LL_PrepareReceive
                0x000000000800e124       0x42 ./USB_DEVICE/Target/usbd_conf.o
                0x000000000800e124                USBD_LL_PrepareReceive
 .text.USBD_LL_GetRxDataSize
                0x000000000800e166       0x26 ./USB_DEVICE/Target/usbd_conf.o
                0x000000000800e166                USBD_LL_GetRxDataSize
 .text.USBD_static_malloc
                0x000000000800e18c       0x1c ./USB_DEVICE/Target/usbd_conf.o
                0x000000000800e18c                USBD_static_malloc
 .text.USBD_static_free
                0x000000000800e1a8       0x14 ./USB_DEVICE/Target/usbd_conf.o
                0x000000000800e1a8                USBD_static_free
 .text.USBD_Get_USB_Status
                0x000000000800e1bc       0x58 ./USB_DEVICE/Target/usbd_conf.o
                0x000000000800e1bc                USBD_Get_USB_Status
 .text.atoi     0x000000000800e214        0x8 C:/ST/STM32CubeIDE_1.14.1/STM32CubeIDE/plugins/com.st.stm32cube.ide.mcu.externaltools.gnu-tools-for-stm32.11.3.rel1.win32_1.1.100.202309141235/tools/bin/../lib/gcc/arm-none-eabi/11.3.1/../../../../arm-none-eabi/lib/thumb/v7e-m+fp/hard\libc_nano.a(libc_a-atoi.o)
                0x000000000800e214                atoi
 .text._strtol_l.constprop.0
                0x000000000800e21c      0x104 C:/ST/STM32CubeIDE_1.14.1/STM32CubeIDE/plugins/com.st.stm32cube.ide.mcu.externaltools.gnu-tools-for-stm32.11.3.rel1.win32_1.1.100.202309141235/tools/bin/../lib/gcc/arm-none-eabi/11.3.1/../../../../arm-none-eabi/lib/thumb/v7e-m+fp/hard\libc_nano.a(libc_a-strtol.o)
 .text.strtol   0x000000000800e320       0x14 C:/ST/STM32CubeIDE_1.14.1/STM32CubeIDE/plugins/com.st.stm32cube.ide.mcu.externaltools.gnu-tools-for-stm32.11.3.rel1.win32_1.1.100.202309141235/tools/bin/../lib/gcc/arm-none-eabi/11.3.1/../../../../arm-none-eabi/lib/thumb/v7e-m+fp/hard\libc_nano.a(libc_a-strtol.o)
                0x000000000800e320                strtol
 .text.std      0x000000000800e334       0x6c C:/ST/STM32CubeIDE_1.14.1/STM32CubeIDE/plugins/com.st.stm32cube.ide.mcu.externaltools.gnu-tools-for-stm32.11.3.rel1.win32_1.1.100.202309141235/tools/bin/../lib/gcc/arm-none-eabi/11.3.1/../../../../arm-none-eabi/lib/thumb/v7e-m+fp/hard\libc_nano.a(libc_a-findfp.o)
 .text.stdio_exit_handler
                0x000000000800e3a0       0x18 C:/ST/STM32CubeIDE_1.14.1/STM32CubeIDE/plugins/com.st.stm32cube.ide.mcu.externaltools.gnu-tools-for-stm32.11.3.rel1.win32_1.1.100.202309141235/tools/bin/../lib/gcc/arm-none-eabi/11.3.1/../../../../arm-none-eabi/lib/thumb/v7e-m+fp/hard\libc_nano.a(libc_a-findfp.o)
 .text.cleanup_stdio
                0x000000000800e3b8       0x40 C:/ST/STM32CubeIDE_1.14.1/STM32CubeIDE/plugins/com.st.stm32cube.ide.mcu.externaltools.gnu-tools-for-stm32.11.3.rel1.win32_1.1.100.202309141235/tools/bin/../lib/gcc/arm-none-eabi/11.3.1/../../../../arm-none-eabi/lib/thumb/v7e-m+fp/hard\libc_nano.a(libc_a-findfp.o)
 .text.global_stdio_init.part.0
                0x000000000800e3f8       0x3c C:/ST/STM32CubeIDE_1.14.1/STM32CubeIDE/plugins/com.st.stm32cube.ide.mcu.externaltools.gnu-tools-for-stm32.11.3.rel1.win32_1.1.100.202309141235/tools/bin/../lib/gcc/arm-none-eabi/11.3.1/../../../../arm-none-eabi/lib/thumb/v7e-m+fp/hard\libc_nano.a(libc_a-findfp.o)
 .text.__sfp_lock_acquire
                0x000000000800e434        0xc C:/ST/STM32CubeIDE_1.14.1/STM32CubeIDE/plugins/com.st.stm32cube.ide.mcu.externaltools.gnu-tools-for-stm32.11.3.rel1.win32_1.1.100.202309141235/tools/bin/../lib/gcc/arm-none-eabi/11.3.1/../../../../arm-none-eabi/lib/thumb/v7e-m+fp/hard\libc_nano.a(libc_a-findfp.o)
                0x000000000800e434                __sfp_lock_acquire
 .text.__sfp_lock_release
                0x000000000800e440        0xc C:/ST/STM32CubeIDE_1.14.1/STM32CubeIDE/plugins/com.st.stm32cube.ide.mcu.externaltools.gnu-tools-for-stm32.11.3.rel1.win32_1.1.100.202309141235/tools/bin/../lib/gcc/arm-none-eabi/11.3.1/../../../../arm-none-eabi/lib/thumb/v7e-m+fp/hard\libc_nano.a(libc_a-findfp.o)
                0x000000000800e440                __sfp_lock_release
 .text.__sinit  0x000000000800e44c       0x30 C:/ST/STM32CubeIDE_1.14.1/STM32CubeIDE/plugins/com.st.stm32cube.ide.mcu.externaltools.gnu-tools-for-stm32.11.3.rel1.win32_1.1.100.202309141235/tools/bin/../lib/gcc/arm-none-eabi/11.3.1/../../../../arm-none-eabi/lib/thumb/v7e-m+fp/hard\libc_nano.a(libc_a-findfp.o)
                0x000000000800e44c                __sinit
 .text._fwalk_sglue
                0x000000000800e47c       0x3c C:/ST/STM32CubeIDE_1.14.1/STM32CubeIDE/plugins/com.st.stm32cube.ide.mcu.externaltools.gnu-tools-for-stm32.11.3.rel1.win32_1.1.100.202309141235/tools/bin/../lib/gcc/arm-none-eabi/11.3.1/../../../../arm-none-eabi/lib/thumb/v7e-m+fp/hard\libc_nano.a(libc_a-fwalk.o)
                0x000000000800e47c                _fwalk_sglue
 .text.snprintf
                0x000000000800e4b8       0x68 C:/ST/STM32CubeIDE_1.14.1/STM32CubeIDE/plugins/com.st.stm32cube.ide.mcu.externaltools.gnu-tools-for-stm32.11.3.rel1.win32_1.1.100.202309141235/tools/bin/../lib/gcc/arm-none-eabi/11.3.1/../../../../arm-none-eabi/lib/thumb/v7e-m+fp/hard\libc_nano.a(libc_a-snprintf.o)
                0x000000000800e4b8                sniprintf
                0x000000000800e4b8                snprintf
 .text.__sread  0x000000000800e520       0x22 C:/ST/STM32CubeIDE_1.14.1/STM32CubeIDE/plugins/com.st.stm32cube.ide.mcu.externaltools.gnu-tools-for-stm32.11.3.rel1.win32_1.1.100.202309141235/tools/bin/../lib/gcc/arm-none-eabi/11.3.1/../../../../arm-none-eabi/lib/thumb/v7e-m+fp/hard\libc_nano.a(libc_a-stdio.o)
                0x000000000800e520                __sread
 .text.__swrite
                0x000000000800e542       0x38 C:/ST/STM32CubeIDE_1.14.1/STM32CubeIDE/plugins/com.st.stm32cube.ide.mcu.externaltools.gnu-tools-for-stm32.11.3.rel1.win32_1.1.100.202309141235/tools/bin/../lib/gcc/arm-none-eabi/11.3.1/../../../../arm-none-eabi/lib/thumb/v7e-m+fp/hard\libc_nano.a(libc_a-stdio.o)
                0x000000000800e542                __swrite
 .text.__sseek  0x000000000800e57a       0x24 C:/ST/STM32CubeIDE_1.14.1/STM32CubeIDE/plugins/com.st.stm32cube.ide.mcu.externaltools.gnu-tools-for-stm32.11.3.rel1.win32_1.1.100.202309141235/tools/bin/../lib/gcc/arm-none-eabi/11.3.1/../../../../arm-none-eabi/lib/thumb/v7e-m+fp/hard\libc_nano.a(libc_a-stdio.o)
                0x000000000800e57a                __sseek
 .text.__sclose
                0x000000000800e59e        0x8 C:/ST/STM32CubeIDE_1.14.1/STM32CubeIDE/plugins/com.st.stm32cube.ide.mcu.externaltools.gnu-tools-for-stm32.11.3.rel1.win32_1.1.100.202309141235/tools/bin/../lib/gcc/arm-none-eabi/11.3.1/../../../../arm-none-eabi/lib/thumb/v7e-m+fp/hard\libc_nano.a(libc_a-stdio.o)
                0x000000000800e59e                __sclose
 .text.memset   0x000000000800e5a6       0x10 C:/ST/STM32CubeIDE_1.14.1/STM32CubeIDE/plugins/com.st.stm32cube.ide.mcu.externaltools.gnu-tools-for-stm32.11.3.rel1.win32_1.1.100.202309141235/tools/bin/../lib/gcc/arm-none-eabi/11.3.1/../../../../arm-none-eabi/lib/thumb/v7e-m+fp/hard\libc_nano.a(libc_a-memset.o)
                0x000000000800e5a6                memset
 .text.strncpy  0x000000000800e5b6       0x26 C:/ST/STM32CubeIDE_1.14.1/STM32CubeIDE/plugins/com.st.stm32cube.ide.mcu.externaltools.gnu-tools-for-stm32.11.3.rel1.win32_1.1.100.202309141235/tools/bin/../lib/gcc/arm-none-eabi/11.3.1/../../../../arm-none-eabi/lib/thumb/v7e-m+fp/hard\libc_nano.a(libc_a-strncpy.o)
                0x000000000800e5b6                strncpy
 .text.strtok   0x000000000800e5dc       0x68 C:/ST/STM32CubeIDE_1.14.1/STM32CubeIDE/plugins/com.st.stm32cube.ide.mcu.externaltools.gnu-tools-for-stm32.11.3.rel1.win32_1.1.100.202309141235/tools/bin/../lib/gcc/arm-none-eabi/11.3.1/../../../../arm-none-eabi/lib/thumb/v7e-m+fp/hard\libc_nano.a(libc_a-strtok.o)
                0x000000000800e5dc                strtok
 .text.__strtok_r
                0x000000000800e644       0x50 C:/ST/STM32CubeIDE_1.14.1/STM32CubeIDE/plugins/com.st.stm32cube.ide.mcu.externaltools.gnu-tools-for-stm32.11.3.rel1.win32_1.1.100.202309141235/tools/bin/../lib/gcc/arm-none-eabi/11.3.1/../../../../arm-none-eabi/lib/thumb/v7e-m+fp/hard\libc_nano.a(libc_a-strtok_r.o)
                0x000000000800e644                __strtok_r
 .text._close_r
                0x000000000800e694       0x20 C:/ST/STM32CubeIDE_1.14.1/STM32CubeIDE/plugins/com.st.stm32cube.ide.mcu.externaltools.gnu-tools-for-stm32.11.3.rel1.win32_1.1.100.202309141235/tools/bin/../lib/gcc/arm-none-eabi/11.3.1/../../../../arm-none-eabi/lib/thumb/v7e-m+fp/hard\libc_nano.a(libc_a-closer.o)
                0x000000000800e694                _close_r
 .text._lseek_r
                0x000000000800e6b4       0x24 C:/ST/STM32CubeIDE_1.14.1/STM32CubeIDE/plugins/com.st.stm32cube.ide.mcu.externaltools.gnu-tools-for-stm32.11.3.rel1.win32_1.1.100.202309141235/tools/bin/../lib/gcc/arm-none-eabi/11.3.1/../../../../arm-none-eabi/lib/thumb/v7e-m+fp/hard\libc_nano.a(libc_a-lseekr.o)
                0x000000000800e6b4                _lseek_r
 .text._read_r  0x000000000800e6d8       0x24 C:/ST/STM32CubeIDE_1.14.1/STM32CubeIDE/plugins/com.st.stm32cube.ide.mcu.externaltools.gnu-tools-for-stm32.11.3.rel1.win32_1.1.100.202309141235/tools/bin/../lib/gcc/arm-none-eabi/11.3.1/../../../../arm-none-eabi/lib/thumb/v7e-m+fp/hard\libc_nano.a(libc_a-readr.o)
                0x000000000800e6d8                _read_r
 .text._write_r
                0x000000000800e6fc       0x24 C:/ST/STM32CubeIDE_1.14.1/STM32CubeIDE/plugins/com.st.stm32cube.ide.mcu.externaltools.gnu-tools-for-stm32.11.3.rel1.win32_1.1.100.202309141235/tools/bin/../lib/gcc/arm-none-eabi/11.3.1/../../../../arm-none-eabi/lib/thumb/v7e-m+fp/hard\libc_nano.a(libc_a-writer.o)
                0x000000000800e6fc                _write_r
 .text.__errno  0x000000000800e720        0xc C:/ST/STM32CubeIDE_1.14.1/STM32CubeIDE/plugins/com.st.stm32cube.ide.mcu.externaltools.gnu-tools-for-stm32.11.3.rel1.win32_1.1.100.202309141235/tools/bin/../lib/gcc/arm-none-eabi/11.3.1/../../../../arm-none-eabi/lib/thumb/v7e-m+fp/hard\libc_nano.a(libc_a-errno.o)
                0x000000000800e720                __errno
 .text.__libc_init_array
                0x000000000800e72c       0x48 C:/ST/STM32CubeIDE_1.14.1/STM32CubeIDE/plugins/com.st.stm32cube.ide.mcu.externaltools.gnu-tools-for-stm32.11.3.rel1.win32_1.1.100.202309141235/tools/bin/../lib/gcc/arm-none-eabi/11.3.1/../../../../arm-none-eabi/lib/thumb/v7e-m+fp/hard\libc_nano.a(libc_a-init.o)
                0x000000000800e72c                __libc_init_array
 .text.__retarget_lock_init_recursive
                0x000000000800e774        0x2 C:/ST/STM32CubeIDE_1.14.1/STM32CubeIDE/plugins/com.st.stm32cube.ide.mcu.externaltools.gnu-tools-for-stm32.11.3.rel1.win32_1.1.100.202309141235/tools/bin/../lib/gcc/arm-none-eabi/11.3.1/../../../../arm-none-eabi/lib/thumb/v7e-m+fp/hard\libc_nano.a(libc_a-lock.o)
                0x000000000800e774                __retarget_lock_init_recursive
 .text.__retarget_lock_acquire_recursive
                0x000000000800e776        0x2 C:/ST/STM32CubeIDE_1.14.1/STM32CubeIDE/plugins/com.st.stm32cube.ide.mcu.externaltools.gnu-tools-for-stm32.11.3.rel1.win32_1.1.100.202309141235/tools/bin/../lib/gcc/arm-none-eabi/11.3.1/../../../../arm-none-eabi/lib/thumb/v7e-m+fp/hard\libc_nano.a(libc_a-lock.o)
                0x000000000800e776                __retarget_lock_acquire_recursive
 .text.__retarget_lock_release_recursive
                0x000000000800e778        0x2 C:/ST/STM32CubeIDE_1.14.1/STM32CubeIDE/plugins/com.st.stm32cube.ide.mcu.externaltools.gnu-tools-for-stm32.11.3.rel1.win32_1.1.100.202309141235/tools/bin/../lib/gcc/arm-none-eabi/11.3.1/../../../../arm-none-eabi/lib/thumb/v7e-m+fp/hard\libc_nano.a(libc_a-lock.o)
                0x000000000800e778                __retarget_lock_release_recursive
 .text.strcpy   0x000000000800e77a       0x10 C:/ST/STM32CubeIDE_1.14.1/STM32CubeIDE/plugins/com.st.stm32cube.ide.mcu.externaltools.gnu-tools-for-stm32.11.3.rel1.win32_1.1.100.202309141235/tools/bin/../lib/gcc/arm-none-eabi/11.3.1/../../../../arm-none-eabi/lib/thumb/v7e-m+fp/hard\libc_nano.a(libc_a-strcpy.o)
                0x000000000800e77a                strcpy
 .text.memcpy   0x000000000800e78a       0x1c C:/ST/STM32CubeIDE_1.14.1/STM32CubeIDE/plugins/com.st.stm32cube.ide.mcu.externaltools.gnu-tools-for-stm32.11.3.rel1.win32_1.1.100.202309141235/tools/bin/../lib/gcc/arm-none-eabi/11.3.1/../../../../arm-none-eabi/lib/thumb/v7e-m+fp/hard\libc_nano.a(libc_a-memcpy-stub.o)
                0x000000000800e78a                memcpy
 *fill*         0x000000000800e7a6        0x2 
 .text.__assert_func
                0x000000000800e7a8       0x3c C:/ST/STM32CubeIDE_1.14.1/STM32CubeIDE/plugins/com.st.stm32cube.ide.mcu.externaltools.gnu-tools-for-stm32.11.3.rel1.win32_1.1.100.202309141235/tools/bin/../lib/gcc/arm-none-eabi/11.3.1/../../../../arm-none-eabi/lib/thumb/v7e-m+fp/hard\libc_nano.a(libc_a-assert.o)
                0x000000000800e7a8                __assert_func
 .text._free_r  0x000000000800e7e4       0x98 C:/ST/STM32CubeIDE_1.14.1/STM32CubeIDE/plugins/com.st.stm32cube.ide.mcu.externaltools.gnu-tools-for-stm32.11.3.rel1.win32_1.1.100.202309141235/tools/bin/../lib/gcc/arm-none-eabi/11.3.1/../../../../arm-none-eabi/lib/thumb/v7e-m+fp/hard\libc_nano.a(libc_a-freer.o)
                0x000000000800e7e4                _free_r
 .text.malloc   0x000000000800e87c       0x10 C:/ST/STM32CubeIDE_1.14.1/STM32CubeIDE/plugins/com.st.stm32cube.ide.mcu.externaltools.gnu-tools-for-stm32.11.3.rel1.win32_1.1.100.202309141235/tools/bin/../lib/gcc/arm-none-eabi/11.3.1/../../../../arm-none-eabi/lib/thumb/v7e-m+fp/hard\libc_nano.a(libc_a-malloc.o)
                0x000000000800e87c                malloc
 .text.sbrk_aligned
                0x000000000800e88c       0x40 C:/ST/STM32CubeIDE_1.14.1/STM32CubeIDE/plugins/com.st.stm32cube.ide.mcu.externaltools.gnu-tools-for-stm32.11.3.rel1.win32_1.1.100.202309141235/tools/bin/../lib/gcc/arm-none-eabi/11.3.1/../../../../arm-none-eabi/lib/thumb/v7e-m+fp/hard\libc_nano.a(libc_a-mallocr.o)
 .text._malloc_r
                0x000000000800e8cc      0x100 C:/ST/STM32CubeIDE_1.14.1/STM32CubeIDE/plugins/com.st.stm32cube.ide.mcu.externaltools.gnu-tools-for-stm32.11.3.rel1.win32_1.1.100.202309141235/tools/bin/../lib/gcc/arm-none-eabi/11.3.1/../../../../arm-none-eabi/lib/thumb/v7e-m+fp/hard\libc_nano.a(libc_a-mallocr.o)
                0x000000000800e8cc                _malloc_r
 .text.__malloc_lock
                0x000000000800e9cc        0xc C:/ST/STM32CubeIDE_1.14.1/STM32CubeIDE/plugins/com.st.stm32cube.ide.mcu.externaltools.gnu-tools-for-stm32.11.3.rel1.win32_1.1.100.202309141235/tools/bin/../lib/gcc/arm-none-eabi/11.3.1/../../../../arm-none-eabi/lib/thumb/v7e-m+fp/hard\libc_nano.a(libc_a-mlock.o)
                0x000000000800e9cc                __malloc_lock
 .text.__malloc_unlock
                0x000000000800e9d8        0xc C:/ST/STM32CubeIDE_1.14.1/STM32CubeIDE/plugins/com.st.stm32cube.ide.mcu.externaltools.gnu-tools-for-stm32.11.3.rel1.win32_1.1.100.202309141235/tools/bin/../lib/gcc/arm-none-eabi/11.3.1/../../../../arm-none-eabi/lib/thumb/v7e-m+fp/hard\libc_nano.a(libc_a-mlock.o)
                0x000000000800e9d8                __malloc_unlock
 .text.__ssputs_r
                0x000000000800e9e4       0xb4 C:/ST/STM32CubeIDE_1.14.1/STM32CubeIDE/plugins/com.st.stm32cube.ide.mcu.externaltools.gnu-tools-for-stm32.11.3.rel1.win32_1.1.100.202309141235/tools/bin/../lib/gcc/arm-none-eabi/11.3.1/../../../../arm-none-eabi/lib/thumb/v7e-m+fp/hard\libc_nano.a(libc_a-nano-svfprintf.o)
                0x000000000800e9e4                __ssputs_r
 .text._svfprintf_r
                0x000000000800ea98      0x1fc C:/ST/STM32CubeIDE_1.14.1/STM32CubeIDE/plugins/com.st.stm32cube.ide.mcu.externaltools.gnu-tools-for-stm32.11.3.rel1.win32_1.1.100.202309141235/tools/bin/../lib/gcc/arm-none-eabi/11.3.1/../../../../arm-none-eabi/lib/thumb/v7e-m+fp/hard\libc_nano.a(libc_a-nano-svfprintf.o)
                0x000000000800ea98                _svfiprintf_r
                0x000000000800ea98                _svfprintf_r
 .text._printf_common
                0x000000000800ec94       0xda C:/ST/STM32CubeIDE_1.14.1/STM32CubeIDE/plugins/com.st.stm32cube.ide.mcu.externaltools.gnu-tools-for-stm32.11.3.rel1.win32_1.1.100.202309141235/tools/bin/../lib/gcc/arm-none-eabi/11.3.1/../../../../arm-none-eabi/lib/thumb/v7e-m+fp/hard\libc_nano.a(libc_a-nano-vfprintf_i.o)
                0x000000000800ec94                _printf_common
 *fill*         0x000000000800ed6e        0x2 
 .text._printf_i
                0x000000000800ed70      0x244 C:/ST/STM32CubeIDE_1.14.1/STM32CubeIDE/plugins/com.st.stm32cube.ide.mcu.externaltools.gnu-tools-for-stm32.11.3.rel1.win32_1.1.100.202309141235/tools/bin/../lib/gcc/arm-none-eabi/11.3.1/../../../../arm-none-eabi/lib/thumb/v7e-m+fp/hard\libc_nano.a(libc_a-nano-vfprintf_i.o)
                0x000000000800ed70                _printf_i
 .text.__sflush_r
                0x000000000800efb4      0x10c C:/ST/STM32CubeIDE_1.14.1/STM32CubeIDE/plugins/com.st.stm32cube.ide.mcu.externaltools.gnu-tools-for-stm32.11.3.rel1.win32_1.1.100.202309141235/tools/bin/../lib/gcc/arm-none-eabi/11.3.1/../../../../arm-none-eabi/lib/thumb/v7e-m+fp/hard\libc_nano.a(libc_a-fflush.o)
                0x000000000800efb4                __sflush_r
 .text._fflush_r
                0x000000000800f0c0       0x50 C:/ST/STM32CubeIDE_1.14.1/STM32CubeIDE/plugins/com.st.stm32cube.ide.mcu.externaltools.gnu-tools-for-stm32.11.3.rel1.win32_1.1.100.202309141235/tools/bin/../lib/gcc/arm-none-eabi/11.3.1/../../../../arm-none-eabi/lib/thumb/v7e-m+fp/hard\libc_nano.a(libc_a-fflush.o)
                0x000000000800f0c0                _fflush_r
 .text.fprintf  0x000000000800f110       0x24 C:/ST/STM32CubeIDE_1.14.1/STM32CubeIDE/plugins/com.st.stm32cube.ide.mcu.externaltools.gnu-tools-for-stm32.11.3.rel1.win32_1.1.100.202309141235/tools/bin/../lib/gcc/arm-none-eabi/11.3.1/../../../../arm-none-eabi/lib/thumb/v7e-m+fp/hard\libc_nano.a(libc_a-fprintf.o)
                0x000000000800f110                fiprintf
                0x000000000800f110                fprintf
 .text.memmove  0x000000000800f134       0x34 C:/ST/STM32CubeIDE_1.14.1/STM32CubeIDE/plugins/com.st.stm32cube.ide.mcu.externaltools.gnu-tools-for-stm32.11.3.rel1.win32_1.1.100.202309141235/tools/bin/../lib/gcc/arm-none-eabi/11.3.1/../../../../arm-none-eabi/lib/thumb/v7e-m+fp/hard\libc_nano.a(libc_a-memmove.o)
                0x000000000800f134                memmove
 .text._sbrk_r  0x000000000800f168       0x20 C:/ST/STM32CubeIDE_1.14.1/STM32CubeIDE/plugins/com.st.stm32cube.ide.mcu.externaltools.gnu-tools-for-stm32.11.3.rel1.win32_1.1.100.202309141235/tools/bin/../lib/gcc/arm-none-eabi/11.3.1/../../../../arm-none-eabi/lib/thumb/v7e-m+fp/hard\libc_nano.a(libc_a-sbrkr.o)
                0x000000000800f168                _sbrk_r
 .text.abort    0x000000000800f188        0xe C:/ST/STM32CubeIDE_1.14.1/STM32CubeIDE/plugins/com.st.stm32cube.ide.mcu.externaltools.gnu-tools-for-stm32.11.3.rel1.win32_1.1.100.202309141235/tools/bin/../lib/gcc/arm-none-eabi/11.3.1/../../../../arm-none-eabi/lib/thumb/v7e-m+fp/hard\libc_nano.a(libc_a-abort.o)
                0x000000000800f188                abort
 .text._realloc_r
                0x000000000800f196       0x5e C:/ST/STM32CubeIDE_1.14.1/STM32CubeIDE/plugins/com.st.stm32cube.ide.mcu.externaltools.gnu-tools-for-stm32.11.3.rel1.win32_1.1.100.202309141235/tools/bin/../lib/gcc/arm-none-eabi/11.3.1/../../../../arm-none-eabi/lib/thumb/v7e-m+fp/hard\libc_nano.a(libc_a-reallocr.o)
                0x000000000800f196                _realloc_r
 .text.__sfputc_r
                0x000000000800f1f4       0x2e C:/ST/STM32CubeIDE_1.14.1/STM32CubeIDE/plugins/com.st.stm32cube.ide.mcu.externaltools.gnu-tools-for-stm32.11.3.rel1.win32_1.1.100.202309141235/tools/bin/../lib/gcc/arm-none-eabi/11.3.1/../../../../arm-none-eabi/lib/thumb/v7e-m+fp/hard\libc_nano.a(libc_a-nano-vfprintf.o)
 .text.__sfputs_r
                0x000000000800f222       0x24 C:/ST/STM32CubeIDE_1.14.1/STM32CubeIDE/plugins/com.st.stm32cube.ide.mcu.externaltools.gnu-tools-for-stm32.11.3.rel1.win32_1.1.100.202309141235/tools/bin/../lib/gcc/arm-none-eabi/11.3.1/../../../../arm-none-eabi/lib/thumb/v7e-m+fp/hard\libc_nano.a(libc_a-nano-vfprintf.o)
                0x000000000800f222                __sfputs_r
 *fill*         0x000000000800f246        0x2 
 .text._vfprintf_r
                0x000000000800f248      0x234 C:/ST/STM32CubeIDE_1.14.1/STM32CubeIDE/plugins/com.st.stm32cube.ide.mcu.externaltools.gnu-tools-for-stm32.11.3.rel1.win32_1.1.100.202309141235/tools/bin/../lib/gcc/arm-none-eabi/11.3.1/../../../../arm-none-eabi/lib/thumb/v7e-m+fp/hard\libc_nano.a(libc_a-nano-vfprintf.o)
                0x000000000800f248                _vfprintf_r
                0x000000000800f248                _vfiprintf_r
 .text.__swbuf_r
                0x000000000800f47c       0x7a C:/ST/STM32CubeIDE_1.14.1/STM32CubeIDE/plugins/com.st.stm32cube.ide.mcu.externaltools.gnu-tools-for-stm32.11.3.rel1.win32_1.1.100.202309141235/tools/bin/../lib/gcc/arm-none-eabi/11.3.1/../../../../arm-none-eabi/lib/thumb/v7e-m+fp/hard\libc_nano.a(libc_a-wbuf.o)
                0x000000000800f47c                __swbuf_r
 *fill*         0x000000000800f4f6        0x2 
 .text.__swsetup_r
                0x000000000800f4f8       0xb0 C:/ST/STM32CubeIDE_1.14.1/STM32CubeIDE/plugins/com.st.stm32cube.ide.mcu.externaltools.gnu-tools-for-stm32.11.3.rel1.win32_1.1.100.202309141235/tools/bin/../lib/gcc/arm-none-eabi/11.3.1/../../../../arm-none-eabi/lib/thumb/v7e-m+fp/hard\libc_nano.a(libc_a-wsetup.o)
                0x000000000800f4f8                __swsetup_r
 .text._raise_r
                0x000000000800f5a8       0x50 C:/ST/STM32CubeIDE_1.14.1/STM32CubeIDE/plugins/com.st.stm32cube.ide.mcu.externaltools.gnu-tools-for-stm32.11.3.rel1.win32_1.1.100.202309141235/tools/bin/../lib/gcc/arm-none-eabi/11.3.1/../../../../arm-none-eabi/lib/thumb/v7e-m+fp/hard\libc_nano.a(libc_a-signal.o)
                0x000000000800f5a8                _raise_r