../Drivers/CMSIS/Include/core_cm4.h:1938:34:__NVIC_SystemReset	4	static,ignoring_inline_asm
../Core/Inc/servo.h:24:9:Servo_getRotation	16	static
../Core/Inc/servo.h:28:10:Servo_getMinCCR	16	static
../Core/Inc/servo.h:32:10:Servo_getMaxCCR	16	static
../Core/Inc/servo.h:36:10:Servo_getCCR	16	static
../Core/Inc/servo.h:41:6:Servo_setCCR	24	static
../Core/Inc/servo.h:49:6:Servo_setRotation	24	static
../Core/Inc/servo.h:58:6:Servo_calibrate	24	static
../Core/Inc/servo.h:64:6:Servo_Init	24	static
../Core/Inc/cmd_handler.h:14:10:servoSelect	16	static
../Core/Inc/cmd_handler.h:34:6:servoSet	24	static
../Core/Inc/cmd_handler.h:42:6:servoWrite	24	static
../Core/Inc/cmd_handler.h:50:6:servoCal	32	static
../Core/Inc/cmd_handler.h:58:6:parseCommand	72	static
../Core/Src/main.c:77:6:HAL_GPIO_EXTI_Callback	16	static
../Core/Src/main.c:88:5:main	112	static
../Core/Src/main.c:212:6:SystemClock_Config	88	static
../Core/Src/main.c:255:13:MX_I2C1_Init	8	static
../Core/Src/main.c:286:13:MX_TIM2_Init	64	static
../Core/Src/main.c:353:13:MX_TIM3_Init	64	static
../Core/Src/main.c:408:13:MX_GPIO_Init	48	static
../Core/Src/main.c:452:6:Sensor_Init	40	static
../Core/Src/main.c:501:6:Actuator_Init	16	static
../Core/Src/main.c:515:6:Error_Handler	8	static
